Archive member included to satisfy reference by file (symbol)

d:/emcaddad imt/01- tools/imt_sdk_win_64/winarm/armgcc/bin/../lib/gcc/arm-none-eabi/7.2.1/../../../../arm-none-eabi/lib/thumb/v7-m\libg_nano.a(lib_a-errno.o)
                              ./system/src/newlib/_sbrk.o (__errno)
d:/emcaddad imt/01- tools/imt_sdk_win_64/winarm/armgcc/bin/../lib/gcc/arm-none-eabi/7.2.1/../../../../arm-none-eabi/lib/thumb/v7-m\libg_nano.a(lib_a-impure.o)
                              d:/emcaddad imt/01- tools/imt_sdk_win_64/winarm/armgcc/bin/../lib/gcc/arm-none-eabi/7.2.1/../../../../arm-none-eabi/lib/thumb/v7-m\libg_nano.a(lib_a-errno.o) (_impure_ptr)
d:/emcaddad imt/01- tools/imt_sdk_win_64/winarm/armgcc/bin/../lib/gcc/arm-none-eabi/7.2.1/../../../../arm-none-eabi/lib/thumb/v7-m\libg_nano.a(lib_a-strlen.o)
                              ./system/src/diag/Trace.o (strlen)
d:/emcaddad imt/01- tools/imt_sdk_win_64/winarm/armgcc/bin/../lib/gcc/arm-none-eabi/7.2.1/../../../../arm-none-eabi/lib/thumb/v7-m\libg_nano.a(lib_a-vsnprintf.o)
                              ./system/src/diag/Trace.o (vsnprintf)
d:/emcaddad imt/01- tools/imt_sdk_win_64/winarm/armgcc/bin/../lib/gcc/arm-none-eabi/7.2.1/../../../../arm-none-eabi/lib/thumb/v7-m\libg_nano.a(lib_a-nano-svfprintf.o)
                              d:/emcaddad imt/01- tools/imt_sdk_win_64/winarm/armgcc/bin/../lib/gcc/arm-none-eabi/7.2.1/../../../../arm-none-eabi/lib/thumb/v7-m\libg_nano.a(lib_a-vsnprintf.o) (_svfprintf_r)
d:/emcaddad imt/01- tools/imt_sdk_win_64/winarm/armgcc/bin/../lib/gcc/arm-none-eabi/7.2.1/../../../../arm-none-eabi/lib/thumb/v7-m\libg_nano.a(lib_a-nano-vfprintf_i.o)
                              d:/emcaddad imt/01- tools/imt_sdk_win_64/winarm/armgcc/bin/../lib/gcc/arm-none-eabi/7.2.1/../../../../arm-none-eabi/lib/thumb/v7-m\libg_nano.a(lib_a-nano-svfprintf.o) (_printf_i)
d:/emcaddad imt/01- tools/imt_sdk_win_64/winarm/armgcc/bin/../lib/gcc/arm-none-eabi/7.2.1/../../../../arm-none-eabi/lib/thumb/v7-m\libg_nano.a(lib_a-memchr-stub.o)
                              d:/emcaddad imt/01- tools/imt_sdk_win_64/winarm/armgcc/bin/../lib/gcc/arm-none-eabi/7.2.1/../../../../arm-none-eabi/lib/thumb/v7-m\libg_nano.a(lib_a-nano-svfprintf.o) (memchr)
d:/emcaddad imt/01- tools/imt_sdk_win_64/winarm/armgcc/bin/../lib/gcc/arm-none-eabi/7.2.1/../../../../arm-none-eabi/lib/thumb/v7-m\libg_nano.a(lib_a-memcpy-stub.o)
                              d:/emcaddad imt/01- tools/imt_sdk_win_64/winarm/armgcc/bin/../lib/gcc/arm-none-eabi/7.2.1/../../../../arm-none-eabi/lib/thumb/v7-m\libg_nano.a(lib_a-nano-svfprintf.o) (memcpy)
d:/emcaddad imt/01- tools/imt_sdk_win_64/winarm/armgcc/bin/../lib/gcc/arm-none-eabi/7.2.1/../../../../arm-none-eabi/lib/thumb/v7-m\libg_nano.a(lib_a-memmove.o)
                              d:/emcaddad imt/01- tools/imt_sdk_win_64/winarm/armgcc/bin/../lib/gcc/arm-none-eabi/7.2.1/../../../../arm-none-eabi/lib/thumb/v7-m\libg_nano.a(lib_a-nano-svfprintf.o) (memmove)
d:/emcaddad imt/01- tools/imt_sdk_win_64/winarm/armgcc/bin/../lib/gcc/arm-none-eabi/7.2.1/../../../../arm-none-eabi/lib/thumb/v7-m\libg_nano.a(lib_a-nano-freer.o)
                              d:/emcaddad imt/01- tools/imt_sdk_win_64/winarm/armgcc/bin/../lib/gcc/arm-none-eabi/7.2.1/../../../../arm-none-eabi/lib/thumb/v7-m\libg_nano.a(lib_a-nano-svfprintf.o) (_free_r)
d:/emcaddad imt/01- tools/imt_sdk_win_64/winarm/armgcc/bin/../lib/gcc/arm-none-eabi/7.2.1/../../../../arm-none-eabi/lib/thumb/v7-m\libg_nano.a(lib_a-nano-mallocr.o)
                              d:/emcaddad imt/01- tools/imt_sdk_win_64/winarm/armgcc/bin/../lib/gcc/arm-none-eabi/7.2.1/../../../../arm-none-eabi/lib/thumb/v7-m\libg_nano.a(lib_a-nano-svfprintf.o) (_malloc_r)
d:/emcaddad imt/01- tools/imt_sdk_win_64/winarm/armgcc/bin/../lib/gcc/arm-none-eabi/7.2.1/../../../../arm-none-eabi/lib/thumb/v7-m\libg_nano.a(lib_a-nano-reallocr.o)
                              d:/emcaddad imt/01- tools/imt_sdk_win_64/winarm/armgcc/bin/../lib/gcc/arm-none-eabi/7.2.1/../../../../arm-none-eabi/lib/thumb/v7-m\libg_nano.a(lib_a-nano-svfprintf.o) (_realloc_r)
d:/emcaddad imt/01- tools/imt_sdk_win_64/winarm/armgcc/bin/../lib/gcc/arm-none-eabi/7.2.1/../../../../arm-none-eabi/lib/thumb/v7-m\libg_nano.a(lib_a-sbrkr.o)
                              d:/emcaddad imt/01- tools/imt_sdk_win_64/winarm/armgcc/bin/../lib/gcc/arm-none-eabi/7.2.1/../../../../arm-none-eabi/lib/thumb/v7-m\libg_nano.a(lib_a-nano-mallocr.o) (_sbrk_r)
d:/emcaddad imt/01- tools/imt_sdk_win_64/winarm/armgcc/bin/../lib/gcc/arm-none-eabi/7.2.1/../../../../arm-none-eabi/lib/thumb/v7-m\libg_nano.a(lib_a-mlock.o)
                              d:/emcaddad imt/01- tools/imt_sdk_win_64/winarm/armgcc/bin/../lib/gcc/arm-none-eabi/7.2.1/../../../../arm-none-eabi/lib/thumb/v7-m\libg_nano.a(lib_a-nano-freer.o) (__malloc_lock)
d:/emcaddad imt/01- tools/imt_sdk_win_64/winarm/armgcc/bin/../lib/gcc/arm-none-eabi/7.2.1/../../../../arm-none-eabi/lib/thumb/v7-m\libg_nano.a(lib_a-nano-msizer.o)
[...]
Memory Configuration

Name             Origin             Length             Attributes
RAM              0x20000000         0x00005000         xrw
CCMRAM           0x00000000         0x00000000         xrw
FLASH            0x08000000         0x00010000         xr
FLASHB1          0x00000000         0x00000000         xr
EXTMEMB0         0x00000000         0x00000000         xr
EXTMEMB1         0x00000000         0x00000000         xr
EXTMEMB2         0x00000000         0x00000000         xr
EXTMEMB3         0x00000000         0x00000000         xr
MEMORY_ARRAY     0x00000000         0x00000000         xrw
*default*        0x00000000         0xffffffff

Linker script and memory map

LOAD ./system/src/stm32f1-stdperiph/misc.o
LOAD ./system/src/stm32f1-stdperiph/stm32f10x_gpio.o
LOAD ./system/src/stm32f1-stdperiph/stm32f10x_rcc.o
LOAD ./system/src/newlib/_cxx.o
LOAD ./system/src/newlib/_exit.o
LOAD ./system/src/newlib/_sbrk.o
LOAD ./system/src/newlib/_startup.o
LOAD ./system/src/newlib/_syscalls.o
LOAD ./system/src/newlib/assert.o
LOAD ./system/src/diag/Trace.o
LOAD ./system/src/diag/trace_impl.o
LOAD ./system/src/cortexm/_initialize_hardware.o
LOAD ./system/src/cortexm/_reset_hardware.o
LOAD ./system/src/cortexm/exception_handlers.o
LOAD ./system/src/cmsis/system_stm32f10x.o
LOAD ./system/src/cmsis/vectors_stm32f10x.o
LOAD ./src/MCAL/SYSTICK/SYSTICK_pro.o
LOAD ./src/MCAL/RCC/RCC_pro.o
LOAD ./src/MCAL/NVIC/NVIC_pro.o
LOAD ./src/MCAL/GPIO/GPIO_pro.o
LOAD ./src/MCAL/EXTI/EXTI_pro.o
LOAD ./src/_write.o
LOAD ./src/main.o
LOAD d:/emcaddad imt/01- tools/imt_sdk_win_64/winarm/armgcc/bin/../lib/gcc/arm-none-eabi/7.2.1/../../../../arm-none-eabi/lib/thumb/v7-m\libstdc++_nano.a
LOAD d:/emcaddad imt/01- tools/imt_sdk_win_64/winarm/armgcc/bin/../lib/gcc/arm-none-eabi/7.2.1/../../../../arm-none-eabi/lib/thumb/v7-m\libm.a
START GROUP
LOAD d:/emcaddad imt/01- tools/imt_sdk_win_64/winarm/armgcc/bin/../lib/gcc/arm-none-eabi/7.2.1/thumb/v7-m\libgcc.a
LOAD d:/emcaddad imt/01- tools/imt_sdk_win_64/winarm/armgcc/bin/../lib/gcc/arm-none-eabi/7.2.1/../../../../arm-none-eabi/lib/thumb/v7-m\libg_nano.a
LOAD d:/emcaddad imt/01- tools/imt_sdk_win_64/winarm/armgcc/bin/../lib/gcc/arm-none-eabi/7.2.1/../../../../arm-none-eabi/lib/thumb/v7-m\libc_nano.a
END GROUP
START GROUP
LOAD d:/emcaddad imt/01- tools/imt_sdk_win_64/winarm/armgcc/bin/../lib/gcc/arm-none-eabi/7.2.1/thumb/v7-m\libgcc.a
LOAD d:/emcaddad imt/01- tools/imt_sdk_win_64/winarm/armgcc/bin/../lib/gcc/arm-none-eabi/7.2.1/../../../../arm-none-eabi/lib/thumb/v7-m\libc_nano.a
END GROUP
                0x20005000                __stack = (ORIGIN (RAM) + LENGTH (RAM))
                0x20005000                _estack = __stack
                0x00000400                __Main_Stack_Size = 0x400
                [!provide]                PROVIDE (_Main_Stack_Size, __Main_Stack_Size)
                0x20004c00                __Main_Stack_Limit = (__stack - __Main_Stack_Size)
                [!provide]                PROVIDE (_Main_Stack_Limit, __Main_Stack_Limit)
                0x00000100                _Minimum_Stack_Size = 0x100
                0x200001f4                PROVIDE (_Heap_Begin, _end_noinit)
                0x20004c00                PROVIDE (_Heap_Limit, (__stack - __Main_Stack_Size))

.isr_vector     0x08000000      0x350
 FILL mask 0xff
                0x08000000                __vectors_start = ABSOLUTE (.)
                0x08000000                __vectors_start__ = ABSOLUTE (.)
 *(.isr_vector)
 .isr_vector    0x08000000      0x10c ./system/src/cmsis/vectors_stm32f10x.o
                0x08000000                __isr_vectors
 *(.cfmconfig)
 *(.after_vectors .after_vectors.*)
 .after_vectors
                0x0800010c      0x114 ./system/src/newlib/_startup.o
                0x0800010c                _start
 .after_vectors
                0x08000220      0x12c ./system/src/cortexm/exception_handlers.o
                0x08000220                Reset_Handler
                0x08000226                NMI_Handler
                0x0800022a                HardFault_Handler
                0x0800023e                HardFault_Handler_C
                0x0800029c                MemManage_Handler
                0x080002a0                BusFault_Handler
                0x080002b4                BusFault_Handler_C
                0x080002e8                UsageFault_Handler
                0x080002fc                UsageFault_Handler_C
                0x08000330                SVC_Handler
                0x08000334                DebugMon_Handler
                0x08000338                PendSV_Handler
 .after_vectors
                0x0800034c        0x4 ./system/src/cmsis/vectors_stm32f10x.o
                0x0800034c                EXTI2_IRQHandler
                0x0800034c                TIM8_TRG_COM_IRQHandler
                0x0800034c                TIM8_CC_IRQHandler
                0x0800034c                TIM1_CC_IRQHandler
                0x0800034c                TIM6_IRQHandler
                0x0800034c                PVD_IRQHandler
                0x0800034c                SDIO_IRQHandler
                0x0800034c                CAN2_RX1_IRQHandler
                0x0800034c                EXTI3_IRQHandler
                0x0800034c                TIM8_TRG_COM_TIM14_IRQHandler
                0x0800034c                TIM1_UP_TIM10_IRQHandler
                0x0800034c                TIM8_UP_TIM13_IRQHandler
                0x0800034c                I2C2_EV_IRQHandler
                0x0800034c                CAN1_RX0_IRQHandler
                0x0800034c                TIM1_UP_TIM16_IRQHandler
                0x0800034c                CAN2_SCE_IRQHandler
                0x0800034c                ADC1_2_IRQHandler
                0x0800034c                SPI1_IRQHandler
                0x0800034c                TAMPER_IRQHandler
                0x0800034c                TIM6_DAC_IRQHandler
                0x0800034c                TIM1_BRK_TIM9_IRQHandler
                0x0800034c                CAN2_RX0_IRQHandler
                0x0800034c                TIM8_UP_IRQHandler
                0x0800034c                DMA2_Channel2_IRQHandler
                0x0800034c                DMA1_Channel4_IRQHandler
                0x0800034c                USART3_IRQHandler
                0x0800034c                RTC_IRQHandler
                0x0800034c                DMA1_Channel7_IRQHandler
                0x0800034c                CAN1_RX1_IRQHandler
                0x0800034c                UART5_IRQHandler
                0x0800034c                ADC3_IRQHandler
                0x0800034c                TIM4_IRQHandler
                0x0800034c                DMA2_Channel1_IRQHandler
                0x0800034c                I2C1_EV_IRQHandler
                0x0800034c                DMA1_Channel6_IRQHandler
                0x0800034c                UART4_IRQHandler
                0x0800034c                DMA2_Channel4_IRQHandler
                0x0800034c                TIM3_IRQHandler
                0x0800034c                RCC_IRQHandler
                0x0800034c                TIM8_BRK_TIM12_IRQHandler
                0x0800034c                TIM1_TRG_COM_IRQHandler
                0x0800034c                DMA1_Channel1_IRQHandler
                0x0800034c                Default_Handler
                0x0800034c                CEC_IRQHandler
                0x0800034c                EXTI15_10_IRQHandler
                0x0800034c                TIM14_IRQHandler
                0x0800034c                TIM13_IRQHandler
                0x0800034c                TIM12_IRQHandler
                0x0800034c                TIM7_IRQHandler
                0x0800034c                CAN2_TX_IRQHandler
                0x0800034c                TIM5_IRQHandler
                0x0800034c                EXTI9_5_IRQHandler
                0x0800034c                ETH_WKUP_IRQHandler
                0x0800034c                SPI2_IRQHandler
                0x0800034c                CAN1_TX_IRQHandler
                0x0800034c                DMA2_Channel5_IRQHandler
                0x0800034c                DMA1_Channel5_IRQHandler
                0x0800034c                EXTI4_IRQHandler
                0x0800034c                USB_LP_CAN1_RX0_IRQHandler
                0x0800034c                TIM1_TRG_COM_TIM17_IRQHandler
                0x0800034c                USB_HP_CAN1_TX_IRQHandler
                0x0800034c                DMA1_Channel3_IRQHandler
                0x0800034c                FSMC_IRQHandler
                0x0800034c                ETH_IRQHandler
                0x0800034c                TIM1_UP_IRQHandler
                0x0800034c                WWDG_IRQHandler
                0x0800034c                TIM2_IRQHandler
                0x0800034c                OTG_FS_WKUP_IRQHandler
                0x0800034c                TIM1_TRG_COM_TIM11_IRQHandler
                0x0800034c                TIM1_BRK_IRQHandler
                0x0800034c                EXTI1_IRQHandler
                0x0800034c                RTCAlarm_IRQHandler
                0x0800034c                DMA2_Channel4_5_IRQHandler
                0x0800034c                USART2_IRQHandler
                0x0800034c                I2C2_ER_IRQHandler
                0x0800034c                DMA1_Channel2_IRQHandler
                0x0800034c                TIM8_BRK_IRQHandler
                0x0800034c                CAN1_SCE_IRQHandler
                0x0800034c                FLASH_IRQHandler
                0x0800034c                USART1_IRQHandler
                0x0800034c                OTG_FS_IRQHandler
                0x0800034c                SPI3_IRQHandler
                0x0800034c                I2C1_ER_IRQHandler
                0x0800034c                USBWakeUp_IRQHandler
                0x0800034c                DMA2_Channel3_IRQHandler
                0x0800034c                TIM1_BRK_TIM15_IRQHandler

.inits          0x08000350       0x28
                0x08000350                __data_regions_array_start = .
                0x08000350        0x4 LONG 0x800150c LOADADDR (.data)
                0x08000354        0x4 LONG 0x20000000 ADDR (.data)
                0x08000358        0x4 LONG 0x20000088 (ADDR (.data) + SIZEOF (.data))
                0x0800035c        0x4 LONG 0x800150c LOADADDR (.data_CCMRAM)
                0x08000360        0x4 LONG 0x0 ADDR (.data_CCMRAM)
                0x08000364        0x4 LONG 0x0 (ADDR (.data_CCMRAM) + SIZEOF (.data_CCMRAM))
                0x08000368                __data_regions_array_end = .
                0x08000368                __bss_regions_array_start = .
                0x08000368        0x4 LONG 0x20000088 ADDR (.bss)
                0x0800036c        0x4 LONG 0x200001f4 (ADDR (.bss) + SIZEOF (.bss))
                0x08000370        0x4 LONG 0x0 ADDR (.bss_CCMRAM)
                0x08000374        0x4 LONG 0x0 (ADDR (.bss_CCMRAM) + SIZEOF (.bss_CCMRAM))
                0x08000378                __bss_regions_array_end = .
 *(.init)
 *(.fini)
                0x08000378                . = ALIGN (0x4)
                0x08000378                PROVIDE (__preinit_array_start, .)
 *(.preinit_array_sysinit .preinit_array_sysinit.*)
 *(.preinit_array_platform .preinit_array_platform.*)
 *(.preinit_array .preinit_array.*)
                0x08000378                PROVIDE (__preinit_array_end, .)
                0x08000378                . = ALIGN (0x4)
                0x08000378                PROVIDE (__init_array_start, .)
 *(SORT_BY_NAME(.init_array.*))
 *(.init_array)
                0x08000378                PROVIDE (__init_array_end, .)
                0x08000378                . = ALIGN (0x4)
                0x08000378                PROVIDE (__fini_array_start, .)
 *(SORT_BY_NAME(.fini_array.*))
 *(.fini_array)
                0x08000378                PROVIDE (__fini_array_end, .)

.flashtext
 *(.flashtext .flashtext.*)

.text           0x08000378     0x1193
 *(.text .text.*)
 .text._exit    0x08000378        0x2 ./system/src/newlib/_exit.o
                0x08000378                _exit
 *fill*         0x0800037a        0x2 
 .text._sbrk    0x0800037c       0x44 ./system/src/newlib/_sbrk.o
                0x0800037c                _sbrk
 .text.__initialize_args
                0x080003c0       0x10 ./system/src/newlib/_syscalls.o
                0x080003c0                __initialize_args
 .text.trace_printf
                0x080003d0       0x30 ./system/src/diag/Trace.o
                0x080003d0                trace_printf
 .text._trace_write_semihosting_debug
                0x08000400       0x60 ./system/src/diag/trace_impl.o
 .text.trace_write
                0x08000460        0x8 ./system/src/diag/trace_impl.o
                0x08000460                trace_write
 .text.__initialize_hardware_early
                0x08000468       0x18 ./system/src/cortexm/_initialize_hardware.o
                0x08000468                __initialize_hardware_early
 .text.__initialize_hardware
                0x08000480        0x8 ./system/src/cortexm/_initialize_hardware.o
                0x08000480                __initialize_hardware
 .text.dumpExceptionStack
                0x08000488       0xf4 ./system/src/cortexm/exception_handlers.o
                0x08000488                dumpExceptionStack
 .text.isSemihosting
                0x0800057c       0x20 ./system/src/cortexm/exception_handlers.o
                0x0800057c                isSemihosting
 .text.SetSysClockTo72
                0x0800059c       0xc4 ./system/src/cmsis/system_stm32f10x.o
 .text.SetSysClock
                0x08000660        0x8 ./system/src/cmsis/system_stm32f10x.o
 .text.SystemInit
                0x08000668       0x50 ./system/src/cmsis/system_stm32f10x.o
                0x08000668                SystemInit
 .text.SystemCoreClockUpdate
                0x080006b8       0x94 ./system/src/cmsis/system_stm32f10x.o
                0x080006b8                SystemCoreClockUpdate
 .text.MSTK_vInit
                0x0800074c       0x10 ./src/MCAL/SYSTICK/SYSTICK_pro.o
                0x0800074c                MSTK_vInit
 .text.MSTK_vSetInterval_Single
                0x0800075c       0x28 ./src/MCAL/SYSTICK/SYSTICK_pro.o
                0x0800075c                MSTK_vSetInterval_Single
 .text.MSTK_u32GetElapsedTime
                0x08000784       0x10 ./src/MCAL/SYSTICK/SYSTICK_pro.o
                0x08000784                MSTK_u32GetElapsedTime
 .text.SysTick_Handler
                0x08000794       0x2c ./src/MCAL/SYSTICK/SYSTICK_pro.o
                0x08000794                SysTick_Handler
 .text.MRCC_vInit
                0x080007c0       0x18 ./src/MCAL/RCC/RCC_pro.o
                0x080007c0                MRCC_vInit
 .text.MRCC_vEnablClock
                0x080007d8       0x40 ./src/MCAL/RCC/RCC_pro.o
                0x080007d8                MRCC_vEnablClock
 .text.MNVIC_vEnableIntreupt
                0x08000818       0x18 ./src/MCAL/NVIC/NVIC_pro.o
                0x08000818                MNVIC_vEnableIntreupt
 .text.MGPIO_vSetMode
                0x08000830       0xc4 ./src/MCAL/GPIO/GPIO_pro.o
                0x08000830                MGPIO_vSetMode
 .text.MGPIO_vTogPinVal
                0x080008f4       0x48 ./src/MCAL/GPIO/GPIO_pro.o
                0x080008f4                MGPIO_vTogPinVal
 .text.MEXTI_vEnableLine
                0x0800093c       0x58 ./src/MCAL/EXTI/EXTI_pro.o
                0x0800093c                MEXTI_vEnableLine
 .text.MEXTI_vSetCallBack
                0x08000994        0xc ./src/MCAL/EXTI/EXTI_pro.o
                0x08000994                MEXTI_vSetCallBack
 .text.EXTI0_IRQHandler
                0x080009a0       0x20 ./src/MCAL/EXTI/EXTI_pro.o
                0x080009a0                EXTI0_IRQHandler
 .text.STK      0x080009c0       0x7c ./src/main.o
                0x080009c0                STK
 .text.IR       0x08000a3c       0x50 ./src/main.o
                0x08000a3c                IR
 .text.main     0x08000a8c       0xa4 ./src/main.o
                0x08000a8c                main
 .text.__errno  0x08000b30        0xc d:/emcaddad imt/01- tools/imt_sdk_win_64/winarm/armgcc/bin/../lib/gcc/arm-none-eabi/7.2.1/../../../../arm-none-eabi/lib/thumb/v7-m\libg_nano.a(lib_a-errno.o)
                0x08000b30                __errno
 .text._vsnprintf_r
                0x08000b3c       0x58 d:/emcaddad imt/01- tools/imt_sdk_win_64/winarm/armgcc/bin/../lib/gcc/arm-none-eabi/7.2.1/../../../../arm-none-eabi/lib/thumb/v7-m\libg_nano.a(lib_a-vsnprintf.o)
                0x08000b3c                _vsniprintf_r
                0x08000b3c                _vsnprintf_r
 .text.vsnprintf
                0x08000b94       0x1c d:/emcaddad imt/01- tools/imt_sdk_win_64/winarm/armgcc/bin/../lib/gcc/arm-none-eabi/7.2.1/../../../../arm-none-eabi/lib/thumb/v7-m\libg_nano.a(lib_a-vsnprintf.o)
                0x08000b94                vsniprintf
                0x08000b94                vsnprintf
 .text.__ssputs_r
                0x08000bb0       0xb4 d:/emcaddad imt/01- tools/imt_sdk_win_64/winarm/armgcc/bin/../lib/gcc/arm-none-eabi/7.2.1/../../../../arm-none-eabi/lib/thumb/v7-m\libg_nano.a(lib_a-nano-svfprintf.o)
                0x08000bb0                __ssputs_r
 .text._svfprintf_r
                0x08000c64      0x1ec d:/emcaddad imt/01- tools/imt_sdk_win_64/winarm/armgcc/bin/../lib/gcc/arm-none-eabi/7.2.1/../../../../arm-none-eabi/lib/thumb/v7-m\libg_nano.a(lib_a-nano-svfprintf.o)
                0x08000c64                _svfiprintf_r
                0x08000c64                _svfprintf_r
 .text._printf_common
                0x08000e50       0xec d:/emcaddad imt/01- tools/imt_sdk_win_64/winarm/armgcc/bin/../lib/gcc/arm-none-eabi/7.2.1/../../../../arm-none-eabi/lib/thumb/v7-m\libg_nano.a(lib_a-nano-vfprintf_i.o)
                0x08000e50                _printf_common
 .text._printf_i
                0x08000f3c      0x224 d:/emcaddad imt/01- tools/imt_sdk_win_64/winarm/armgcc/bin/../lib/gcc/arm-none-eabi/7.2.1/../../../../arm-none-eabi/lib/thumb/v7-m\libg_nano.a(lib_a-nano-vfprintf_i.o)
                0x08000f3c                _printf_i
 .text.memchr   0x08001160       0x1c d:/emcaddad imt/01- tools/imt_sdk_win_64/winarm/armgcc/bin/../lib/gcc/arm-none-eabi/7.2.1/../../../../arm-none-eabi/lib/thumb/v7-m\libg_nano.a(lib_a-memchr-stub.o)
                0x08001160                memchr
 .text.memcpy   0x0800117c       0x16 d:/emcaddad imt/01- tools/imt_sdk_win_64/winarm/armgcc/bin/../lib/gcc/arm-none-eabi/7.2.1/../../../../arm-none-eabi/lib/thumb/v7-m\libg_nano.a(lib_a-memcpy-stub.o)
                0x0800117c                memcpy
 .text.memmove  0x08001192       0x32 d:/emcaddad imt/01- tools/imt_sdk_win_64/winarm/armgcc/bin/../lib/gcc/arm-none-eabi/7.2.1/../../../../arm-none-eabi/lib/thumb/v7-m\libg_nano.a(lib_a-memmove.o)
                0x08001192                memmove
 .text._free_r  0x080011c4       0x98 d:/emcaddad imt/01- tools/imt_sdk_win_64/winarm/armgcc/bin/../lib/gcc/arm-none-eabi/7.2.1/../../../../arm-none-eabi/lib/thumb/v7-m\libg_nano.a(lib_a-nano-freer.o)
                0x080011c4                _free_r
 .text._malloc_r
                0x0800125c       0xb4 d:/emcaddad imt/01- tools/imt_sdk_win_64/winarm/armgcc/bin/../lib/gcc/arm-none-eabi/7.2.1/../../../../arm-none-eabi/lib/thumb/v7-m\libg_nano.a(lib_a-nano-mallocr.o)
                0x0800125c                _malloc_r
 .text._realloc_r
                0x08001310       0x4c d:/emcaddad imt/01- tools/imt_sdk_win_64/winarm/armgcc/bin/../lib/gcc/arm-none-eabi/7.2.1/../../../../arm-none-eabi/lib/thumb/v7-m\libg_nano.a(lib_a-nano-reallocr.o)
                0x08001310                _realloc_r
 .text._sbrk_r  0x0800135c       0x20 d:/emcaddad imt/01- tools/imt_sdk_win_64/winarm/armgcc/bin/../lib/gcc/arm-none-eabi/7.2.1/../../../../arm-none-eabi/lib/thumb/v7-m\libg_nano.a(lib_a-sbrkr.o)
                0x0800135c                _sbrk_r
 .text.__malloc_lock
                0x0800137c        0x2 d:/emcaddad imt/01- tools/imt_sdk_win_64/winarm/armgcc/bin/../lib/gcc/arm-none-eabi/7.2.1/../../../../arm-none-eabi/lib/thumb/v7-m\libg_nano.a(lib_a-mlock.o)
                0x0800137c                __malloc_lock
 .text.__malloc_unlock
                0x0800137e        0x2 d:/emcaddad imt/01- tools/imt_sdk_win_64/winarm/armgcc/bin/../lib/gcc/arm-none-eabi/7.2.1/../../../../arm-none-eabi/lib/thumb/v7-m\libg_nano.a(lib_a-mlock.o)
                0x0800137e                __malloc_unlock
 .text._malloc_usable_size_r
                0x08001380       0x10 d:/emcaddad imt/01- tools/imt_sdk_win_64/winarm/armgcc/bin/../lib/gcc/arm-none-eabi/7.2.1/../../../../arm-none-eabi/lib/thumb/v7-m\libg_nano.a(lib_a-nano-msizer.o)
                0x08001380                _malloc_usable_size_r
 *(.rodata .rodata.* .constdata .constdata.*)
 .rodata.dumpExceptionStack.str1.4
                0x08001390      0x11a ./system/src/cortexm/exception_handlers.o
 *fill*         0x080014aa        0x2 
 .rodata.str1.4
                0x080014ac       0x2c ./system/src/cortexm/exception_handlers.o
                                 0x2a (size before relaxing)
 .rodata._svfprintf_r.str1.1
                0x080014d8       0x11 d:/emcaddad imt/01- tools/imt_sdk_win_64/winarm/armgcc/bin/../lib/gcc/arm-none-eabi/7.2.1/../../../../arm-none-eabi/lib/thumb/v7-m\libg_nano.a(lib_a-nano-svfprintf.o)
 .rodata._printf_i.str1.1
                0x080014e9       0x22 d:/emcaddad imt/01- tools/imt_sdk_win_64/winarm/armgcc/bin/../lib/gcc/arm-none-eabi/7.2.1/../../../../arm-none-eabi/lib/thumb/v7-m\libg_nano.a(lib_a-nano-vfprintf_i.o)
 *(vtable)
 *(.eh_frame*)
 *(.glue_7)
 .glue_7        0x0800150b        0x0 linker stubs
 *(.glue_7t)
 .glue_7t       0x0800150b        0x0 linker stubs

.vfp11_veneer   0x0800150c        0x0
 .vfp11_veneer  0x0800150c        0x0 linker stubs

.v4_bx          0x0800150c        0x0
 .v4_bx         0x0800150c        0x0 linker stubs

.iplt           0x0800150c        0x0
 .iplt          0x0800150c        0x0 ./system/src/newlib/_exit.o

.rel.dyn        0x0800150c        0x0
 .rel.iplt      0x0800150c        0x0 ./system/src/newlib/_exit.o

.ARM.extab
 *(.ARM.extab* .gnu.linkonce.armextab.*)
                0x0800150c                . = ALIGN (0x4)
                0x0800150c                __exidx_start = .

.ARM.exidx
 *(.ARM.exidx* .gnu.linkonce.armexidx.*)
                0x0800150c                __exidx_end = .
                0x0800150c                . = ALIGN (0x4)
                0x0800150c                _etext = .
                0x0800150c                __etext = .

.data_CCMRAM    0x00000000        0x0 load address 0x0800150c
 FILL mask 0xff
 *(.data.CCMRAM .data.CCMRAM.*)
                0x00000000                . = ALIGN (0x4)
                0x0800150c                _sidata = LOADADDR (.data)

.data           0x20000000       0x88 load address 0x0800150c
 FILL mask 0xff
                0x20000000                _sdata = .
                0x20000000                __data_start__ = .
 *(.data_begin .data_begin.*)
 .data_begin    0x20000000        0x4 ./system/src/newlib/_startup.o
 *(.data .data.*)
 .data.argv.4310
                0x20000004        0x8 ./system/src/newlib/_syscalls.o
 .data.AHBPrescTable
                0x2000000c       0x10 ./system/src/cmsis/system_stm32f10x.o
                0x2000000c                AHBPrescTable
 .data.SystemCoreClock
                0x2000001c        0x4 ./system/src/cmsis/system_stm32f10x.o
                0x2000001c                SystemCoreClock
 .data._impure_ptr
                0x20000020        0x4 d:/emcaddad imt/01- tools/imt_sdk_win_64/winarm/armgcc/bin/../lib/gcc/arm-none-eabi/7.2.1/../../../../arm-none-eabi/lib/thumb/v7-m\libg_nano.a(lib_a-impure.o)
                0x20000020                _impure_ptr
 .data.impure_data
                0x20000024       0x60 d:/emcaddad imt/01- tools/imt_sdk_win_64/winarm/armgcc/bin/../lib/gcc/arm-none-eabi/7.2.1/../../../../arm-none-eabi/lib/thumb/v7-m\libg_nano.a(lib_a-impure.o)
 *(.data_end .data_end.*)
 .data_end      0x20000084        0x4 ./system/src/newlib/_startup.o
                0x20000088                . = ALIGN (0x4)
                0x20000088                _edata = .
                0x20000088                __data_end__ = .

.igot.plt       0x20000088        0x0 load address 0x08001594
 .igot.plt      0x20000088        0x0 ./system/src/newlib/_exit.o

.bss_CCMRAM     0x00000000        0x0
 *(.bss.CCMRAM .bss.CCMRAM.*)

.bss            0x20000088      0x16c
                0x20000088                __bss_start__ = .
                0x20000088                _sbss = .
 *(.bss_begin .bss_begin.*)
 .bss_begin     0x20000088        0x4 ./system/src/newlib/_startup.o
 *(.bss .bss.*)
 .bss.current_heap_end.3961
                0x2000008c        0x4 ./system/src/newlib/_sbrk.o
 .bss.name.4309
                0x20000090        0x1 ./system/src/newlib/_syscalls.o
 *fill*         0x20000091        0x3 
 .bss.buf.5205  0x20000094       0x80 ./system/src/diag/Trace.o
 .bss.GS_STK_Callback
                0x20000114        0x4 ./src/MCAL/SYSTICK/SYSTICK_pro.o
 .bss.GS_u8SingleFlag
                0x20000118        0x1 ./src/MCAL/SYSTICK/SYSTICK_pro.o
 *fill*         0x20000119        0x3 
 .bss.CallBackFun
                0x2000011c       0x40 ./src/MCAL/EXTI/EXTI_pro.o
 .bss.ARR       0x2000015c       0x84 ./src/main.o
                0x2000015c                ARR
 .bss.G_u8Counter
                0x200001e0        0x1 ./src/main.o
                0x200001e0                G_u8Counter
 .bss.G_u8Data  0x200001e1        0x1 ./src/main.o
                0x200001e1                G_u8Data
 .bss.G_u8Flage
                0x200001e2        0x1 ./src/main.o
                0x200001e2                G_u8Flage
 *fill*         0x200001e3        0x1 
 .bss.__malloc_free_list
                0x200001e4        0x4 d:/emcaddad imt/01- tools/imt_sdk_win_64/winarm/armgcc/bin/../lib/gcc/arm-none-eabi/7.2.1/../../../../arm-none-eabi/lib/thumb/v7-m\libg_nano.a(lib_a-nano-mallocr.o)
                0x200001e4                __malloc_free_list
 .bss.__malloc_sbrk_start
                0x200001e8        0x4 d:/emcaddad imt/01- tools/imt_sdk_win_64/winarm/armgcc/bin/../lib/gcc/arm-none-eabi/7.2.1/../../../../arm-none-eabi/lib/thumb/v7-m\libg_nano.a(lib_a-nano-mallocr.o)
                0x200001e8                __malloc_sbrk_start
 *(COMMON)
 COMMON         0x200001ec        0x4 ./system/src/newlib/_syscalls.o
                0x200001ec                errno
 *(.bss_end .bss_end.*)
 .bss_end       0x200001f0        0x4 ./system/src/newlib/_startup.o
                0x200001f4                . = ALIGN (0x4)
                0x200001f4                __bss_end__ = .
                0x200001f4                _ebss = .

.noinit_CCMRAM
 *(.noinit.CCMRAM .noinit.CCMRAM.*)

.noinit         0x200001f4        0x0
                0x200001f4                _noinit = .
 *(.noinit .noinit.*)
                0x200001f4                . = ALIGN (0x4)
                0x200001f4                _end_noinit = .
                [!provide]                PROVIDE (end, _end_noinit)
                [!provide]                PROVIDE (_end, _end_noinit)
                [!provide]                PROVIDE (__end, _end_noinit)
                [!provide]                PROVIDE (__end__, _end_noinit)

._check_stack   0x200001f4      0x100
                0x200002f4                . = (. + _Minimum_Stack_Size)
 *fill*         0x200001f4      0x100 

.b1text
 *(.b1text)
 *(.b1rodata)
 *(.b1rodata.*)

.eb0text
 *(.eb0text)
 *(.eb0rodata)
 *(.eb0rodata.*)

.eb1text
 *(.eb1text)
 *(.eb1rodata)
 *(.eb1rodata.*)

.eb2text
 *(.eb2text)
 *(.eb2rodata)
 *(.eb2rodata.*)

.eb3text
 *(.eb3text)
 *(.eb3rodata)
 *(.eb3rodata.*)

.stab
 *(.stab)

.stabstr
 *(.stabstr)

.stab.excl
 *(.stab.excl)

.stab.exclstr
 *(.stab.exclstr)

.stab.index
 *(.stab.index)

.stab.indexstr
 *(.stab.indexstr)

.comment        0x00000000       0x7e
 *(.comment)
 .comment       0x00000000       0x7e ./system/src/newlib/_exit.o
                                 0x7f (size before relaxing)
 .comment       0x0000007e       0x7f ./system/src/newlib/_sbrk.o
 .comment       0x0000007e       0x7f ./system/src/newlib/_startup.o
 .comment       0x0000007e       0x7f ./system/src/newlib/_syscalls.o
 .comment       0x0000007e       0x7f ./system/src/diag/Trace.o
 .comment       0x0000007e       0x7f ./system/src/diag/trace_impl.o
 .comment       0x0000007e       0x7f ./system/src/cortexm/_initialize_hardware.o
 .comment       0x0000007e       0x7f ./system/src/cortexm/exception_handlers.o
 .comment       0x0000007e       0x7f ./system/src/cmsis/system_stm32f10x.o
 .comment       0x0000007e       0x7f ./system/src/cmsis/vectors_stm32f10x.o
 .comment       0x0000007e       0x7f ./src/MCAL/SYSTICK/SYSTICK_pro.o
 .comment       0x0000007e       0x7f ./src/MCAL/RCC/RCC_pro.o
 .comment       0x0000007e       0x7f ./src/MCAL/NVIC/NVIC_pro.o
 .comment       0x0000007e       0x7f ./src/MCAL/GPIO/GPIO_pro.o
 .comment       0x0000007e       0x7f ./src/MCAL/EXTI/EXTI_pro.o
 .comment       0x0000007e       0x7f ./src/main.o

.ARM.attributes
                0x00000000       0x31
 .ARM.attributes
                0x00000000       0x33 ./system/src/newlib/_exit.o
 .ARM.attributes
                0x00000033       0x33 ./system/src/newlib/_sbrk.o
 .ARM.attributes
                0x00000066       0x33 ./system/src/newlib/_startup.o
 .ARM.attributes
                0x00000099       0x33 ./system/src/newlib/_syscalls.o
 .ARM.attributes
                0x000000cc       0x33 ./system/src/diag/Trace.o
 .ARM.attributes
                0x000000ff       0x33 ./system/src/diag/trace_impl.o
 .ARM.attributes
                0x00000132       0x33 ./system/src/cortexm/_initialize_hardware.o
 .ARM.attributes
                0x00000165       0x33 ./system/src/cortexm/exception_handlers.o
 .ARM.attributes
                0x00000198       0x33 ./system/src/cmsis/system_stm32f10x.o
 .ARM.attributes
                0x000001cb       0x33 ./system/src/cmsis/vectors_stm32f10x.o
 .ARM.attributes
                0x000001fe       0x33 ./src/MCAL/SYSTICK/SYSTICK_pro.o
 .ARM.attributes
                0x00000231       0x33 ./src/MCAL/RCC/RCC_pro.o
 .ARM.attributes
                0x00000264       0x33 ./src/MCAL/NVIC/NVIC_pro.o
 .ARM.attributes
                0x00000297       0x33 ./src/MCAL/GPIO/GPIO_pro.o
 .ARM.attributes
                0x000002ca       0x33 ./src/MCAL/EXTI/EXTI_pro.o
 .ARM.attributes
                0x000002fd       0x33 ./src/main.o
 .ARM.attributes
                0x00000330       0x2d d:/emcaddad imt/01- tools/imt_sdk_win_64/winarm/armgcc/bin/../lib/gcc/arm-none-eabi/7.2.1/../../../../arm-none-eabi/lib/thumb/v7-m\libg_nano.a(lib_a-errno.o)
 .ARM.attributes
                0x0000035d       0x2d d:/emcaddad imt/01- tools/imt_sdk_win_64/winarm/armgcc/bin/../lib/gcc/arm-none-eabi/7.2.1/../../../../arm-none-eabi/lib/thumb/v7-m\libg_nano.a(lib_a-impure.o)
 .ARM.attributes
                0x0000038a       0x2d d:/emcaddad imt/01- tools/imt_sdk_win_64/winarm/armgcc/bin/../lib/gcc/arm-none-eabi/7.2.1/../../../../arm-none-eabi/lib/thumb/v7-m\libg_nano.a(lib_a-vsnprintf.o)
 .ARM.attributes
                0x000003b7       0x2d d:/emcaddad imt/01- tools/imt_sdk_win_64/winarm/armgcc/bin/../lib/gcc/arm-none-eabi/7.2.1/../../../../arm-none-eabi/lib/thumb/v7-m\libg_nano.a(lib_a-nano-svfprintf.o)
 .ARM.attributes
                0x000003e4       0x2d d:/emcaddad imt/01- tools/imt_sdk_win_64/winarm/armgcc/bin/../lib/gcc/arm-none-eabi/7.2.1/../../../../arm-none-eabi/lib/thumb/v7-m\libg_nano.a(lib_a-nano-vfprintf_i.o)
 .ARM.attributes
                0x00000411       0x2d d:/emcaddad imt/01- tools/imt_sdk_win_64/winarm/armgcc/bin/../lib/gcc/arm-none-eabi/7.2.1/../../../../arm-none-eabi/lib/thumb/v7-m\libg_nano.a(lib_a-memchr-stub.o)
 .ARM.attributes
                0x0000043e       0x2d d:/emcaddad imt/01- tools/imt_sdk_win_64/winarm/armgcc/bin/../lib/gcc/arm-none-eabi/7.2.1/../../../../arm-none-eabi/lib/thumb/v7-m\libg_nano.a(lib_a-memcpy-stub.o)
 .ARM.attributes
                0x0000046b       0x2d d:/emcaddad imt/01- tools/imt_sdk_win_64/winarm/armgcc/bin/../lib/gcc/arm-none-eabi/7.2.1/../../../../arm-none-eabi/lib/thumb/v7-m\libg_nano.a(lib_a-memmove.o)
 .ARM.attributes
                0x00000498       0x2d d:/emcaddad imt/01- tools/imt_sdk_win_64/winarm/armgcc/bin/../lib/gcc/arm-none-eabi/7.2.1/../../../../arm-none-eabi/lib/thumb/v7-m\libg_nano.a(lib_a-nano-freer.o)
 .ARM.attributes
                0x000004c5       0x2d d:/emcaddad imt/01- tools/imt_sdk_win_64/winarm/armgcc/bin/../lib/gcc/arm-none-eabi/7.2.1/../../../../arm-none-eabi/lib/thumb/v7-m\libg_nano.a(lib_a-nano-mallocr.o)
 .ARM.attributes
                0x000004f2       0x2d d:/emcaddad imt/01- tools/imt_sdk_win_64/winarm/armgcc/bin/../lib/gcc/arm-none-eabi/7.2.1/../../../../arm-none-eabi/lib/thumb/v7-m\libg_nano.a(lib_a-nano-reallocr.o)
 .ARM.attributes
                0x0000051f       0x2d d:/emcaddad imt/01- tools/imt_sdk_win_64/winarm/armgcc/bin/../lib/gcc/arm-none-eabi/7.2.1/../../../../arm-none-eabi/lib/thumb/v7-m\libg_nano.a(lib_a-sbrkr.o)
 .ARM.attributes
                0x0000054c       0x2d d:/emcaddad imt/01- tools/imt_sdk_win_64/winarm/armgcc/bin/../lib/gcc/arm-none-eabi/7.2.1/../../../../arm-none-eabi/lib/thumb/v7-m\libg_nano.a(lib_a-mlock.o)
 .ARM.attributes
                0x00000579       0x2d d:/emcaddad imt/01- tools/imt_sdk_win_64/winarm/armgcc/bin/../lib/gcc/arm-none-eabi/7.2.1/../../../../arm-none-eabi/lib/thumb/v7-m\libg_nano.a(lib_a-nano-msizer.o)

.debug
 *(.debug)

.line
 *(.line)

.debug_srcinfo
 *(.debug_srcinfo)

.debug_sfnames
 *(.debug_sfnames)

.debug_aranges  0x00000000      0x3f0
 *(.debug_aranges)
 .debug_aranges
                0x00000000       0x28 ./system/src/newlib/_exit.o
 .debug_aranges
                0x00000028       0x20 ./system/src/newlib/_sbrk.o
 .debug_aranges
                0x00000048       0x40 ./system/src/newlib/_startup.o
 .debug_aranges
                0x00000088       0x30 ./system/src/newlib/_syscalls.o
 .debug_aranges
                0x000000b8       0x38 ./system/src/diag/Trace.o
 .debug_aranges
                0x000000f0       0x30 ./system/src/diag/trace_impl.o
 .debug_aranges
                0x00000120       0x28 ./system/src/cortexm/_initialize_hardware.o
 .debug_aranges
                0x00000148       0x90 ./system/src/cortexm/exception_handlers.o
 .debug_aranges
                0x000001d8       0x38 ./system/src/cmsis/system_stm32f10x.o
 .debug_aranges
                0x00000210       0x20 ./system/src/cmsis/vectors_stm32f10x.o
 .debug_aranges
                0x00000230       0x60 ./src/MCAL/SYSTICK/SYSTICK_pro.o
 .debug_aranges
                0x00000290       0x30 ./src/MCAL/RCC/RCC_pro.o
 .debug_aranges
                0x000002c0       0x50 ./src/MCAL/NVIC/NVIC_pro.o
 .debug_aranges
                0x00000310       0x50 ./src/MCAL/GPIO/GPIO_pro.o
 .debug_aranges
                0x00000360       0x60 ./src/MCAL/EXTI/EXTI_pro.o
 .debug_aranges
                0x000003c0       0x30 ./src/main.o

.debug_pubnames
 *(.debug_pubnames)

.debug_info     0x00000000     0x5942
 *(.debug_info .gnu.linkonce.wi.*)
 .debug_info    0x00000000      0x956 ./system/src/newlib/_exit.o
 .debug_info    0x00000956      0x942 ./system/src/newlib/_sbrk.o
 .debug_info    0x00001298      0x42e ./system/src/newlib/_startup.o
 .debug_info    0x000016c6      0xa19 ./system/src/newlib/_syscalls.o
 .debug_info    0x000020df      0xb2a ./system/src/diag/Trace.o
 .debug_info    0x00002c09      0x363 ./system/src/diag/trace_impl.o
 .debug_info    0x00002f6c      0x2b5 ./system/src/cortexm/_initialize_hardware.o
 .debug_info    0x00003221     0x1140 ./system/src/cortexm/exception_handlers.o
 .debug_info    0x00004361      0x494 ./system/src/cmsis/system_stm32f10x.o
 .debug_info    0x000047f5       0xca ./system/src/cmsis/vectors_stm32f10x.o
 .debug_info    0x000048bf      0x1e7 ./src/MCAL/SYSTICK/SYSTICK_pro.o
 .debug_info    0x00004aa6      0x171 ./src/MCAL/RCC/RCC_pro.o
 .debug_info    0x00004c17      0x2e6 ./src/MCAL/NVIC/NVIC_pro.o
 .debug_info    0x00004efd      0x2a8 ./src/MCAL/GPIO/GPIO_pro.o
 .debug_info    0x000051a5      0x2fa ./src/MCAL/EXTI/EXTI_pro.o
 .debug_info    0x0000549f      0x4a3 ./src/main.o

.debug_abbrev   0x00000000     0x1840
 *(.debug_abbrev)
 .debug_abbrev  0x00000000      0x1f3 ./system/src/newlib/_exit.o
 .debug_abbrev  0x000001f3      0x1fc ./system/src/newlib/_sbrk.o
 .debug_abbrev  0x000003ef      0x1b3 ./system/src/newlib/_startup.o
 .debug_abbrev  0x000005a2      0x234 ./system/src/newlib/_syscalls.o
 .debug_abbrev  0x000007d6      0x276 ./system/src/diag/Trace.o
 .debug_abbrev  0x00000a4c      0x1e2 ./system/src/diag/trace_impl.o
 .debug_abbrev  0x00000c2e       0xea ./system/src/cortexm/_initialize_hardware.o
 .debug_abbrev  0x00000d18      0x32b ./system/src/cortexm/exception_handlers.o
 .debug_abbrev  0x00001043      0x177 ./system/src/cmsis/system_stm32f10x.o
 .debug_abbrev  0x000011ba       0x9d ./system/src/cmsis/vectors_stm32f10x.o
 .debug_abbrev  0x00001257       0xf9 ./src/MCAL/SYSTICK/SYSTICK_pro.o
 .debug_abbrev  0x00001350       0xa8 ./src/MCAL/RCC/RCC_pro.o
 .debug_abbrev  0x000013f8      0x115 ./src/MCAL/NVIC/NVIC_pro.o
 .debug_abbrev  0x0000150d       0xf6 ./src/MCAL/GPIO/GPIO_pro.o
 .debug_abbrev  0x00001603      0x129 ./src/MCAL/EXTI/EXTI_pro.o
 .debug_abbrev  0x0000172c      0x114 ./src/main.o

.debug_line     0x00000000     0x2f5e
 *(.debug_line)
 .debug_line    0x00000000      0x353 ./system/src/newlib/_exit.o
 .debug_line    0x00000353      0x307 ./system/src/newlib/_sbrk.o
 .debug_line    0x0000065a      0x3c1 ./system/src/newlib/_startup.o
 .debug_line    0x00000a1b      0x41e ./system/src/newlib/_syscalls.o
 .debug_line    0x00000e39      0x3cf ./system/src/diag/Trace.o
 .debug_line    0x00001208      0x63c ./system/src/diag/trace_impl.o
 .debug_line    0x00001844      0x375 ./system/src/cortexm/_initialize_hardware.o
 .debug_line    0x00001bb9      0x6fe ./system/src/cortexm/exception_handlers.o
 .debug_line    0x000022b7      0x3e8 ./system/src/cmsis/system_stm32f10x.o
 .debug_line    0x0000269f      0x101 ./system/src/cmsis/vectors_stm32f10x.o
 .debug_line    0x000027a0      0x161 ./src/MCAL/SYSTICK/SYSTICK_pro.o
 .debug_line    0x00002901       0xd8 ./src/MCAL/RCC/RCC_pro.o
 .debug_line    0x000029d9      0x12d ./src/MCAL/NVIC/NVIC_pro.o
 .debug_line    0x00002b06      0x15c ./src/MCAL/GPIO/GPIO_pro.o
 .debug_line    0x00002c62      0x158 ./src/MCAL/EXTI/EXTI_pro.o
 .debug_line    0x00002dba      0x1a4 ./src/main.o

.debug_frame    0x00000000      0xa60
 *(.debug_frame)
 .debug_frame   0x00000000       0x38 ./system/src/newlib/_exit.o
 .debug_frame   0x00000038       0x28 ./system/src/newlib/_sbrk.o
 .debug_frame   0x00000060       0x7c ./system/src/newlib/_startup.o
 .debug_frame   0x000000dc       0x50 ./system/src/newlib/_syscalls.o
 .debug_frame   0x0000012c       0x94 ./system/src/diag/Trace.o
 .debug_frame   0x000001c0       0x64 ./system/src/diag/trace_impl.o
 .debug_frame   0x00000224       0x40 ./system/src/cortexm/_initialize_hardware.o
 .debug_frame   0x00000264      0x158 ./system/src/cortexm/exception_handlers.o
 .debug_frame   0x000003bc       0x6c ./system/src/cmsis/system_stm32f10x.o
 .debug_frame   0x00000428       0x20 ./system/src/cmsis/vectors_stm32f10x.o
 .debug_frame   0x00000448       0xa8 ./src/MCAL/SYSTICK/SYSTICK_pro.o
 .debug_frame   0x000004f0       0x40 ./src/MCAL/RCC/RCC_pro.o
 .debug_frame   0x00000530       0x8c ./src/MCAL/NVIC/NVIC_pro.o
 .debug_frame   0x000005bc       0x94 ./src/MCAL/GPIO/GPIO_pro.o
 .debug_frame   0x00000650       0xc0 ./src/MCAL/EXTI/EXTI_pro.o
 .debug_frame   0x00000710       0x60 ./src/main.o
 .debug_frame   0x00000770       0x20 d:/emcaddad imt/01- tools/imt_sdk_win_64/winarm/armgcc/bin/../lib/gcc/arm-none-eabi/7.2.1/../../../../arm-none-eabi/lib/thumb/v7-m\libg_nano.a(lib_a-errno.o)
 .debug_frame   0x00000790       0x4c d:/emcaddad imt/01- tools/imt_sdk_win_64/winarm/armgcc/bin/../lib/gcc/arm-none-eabi/7.2.1/../../../../arm-none-eabi/lib/thumb/v7-m\libg_nano.a(lib_a-vsnprintf.o)
 .debug_frame   0x000007dc       0x90 d:/emcaddad imt/01- tools/imt_sdk_win_64/winarm/armgcc/bin/../lib/gcc/arm-none-eabi/7.2.1/../../../../arm-none-eabi/lib/thumb/v7-m\libg_nano.a(lib_a-nano-svfprintf.o)
 .debug_frame   0x0000086c       0x60 d:/emcaddad imt/01- tools/imt_sdk_win_64/winarm/armgcc/bin/../lib/gcc/arm-none-eabi/7.2.1/../../../../arm-none-eabi/lib/thumb/v7-m\libg_nano.a(lib_a-nano-vfprintf_i.o)
 .debug_frame   0x000008cc       0x28 d:/emcaddad imt/01- tools/imt_sdk_win_64/winarm/armgcc/bin/../lib/gcc/arm-none-eabi/7.2.1/../../../../arm-none-eabi/lib/thumb/v7-m\libg_nano.a(lib_a-memchr-stub.o)
 .debug_frame   0x000008f4       0x28 d:/emcaddad imt/01- tools/imt_sdk_win_64/winarm/armgcc/bin/../lib/gcc/arm-none-eabi/7.2.1/../../../../arm-none-eabi/lib/thumb/v7-m\libg_nano.a(lib_a-memcpy-stub.o)
 .debug_frame   0x0000091c       0x28 d:/emcaddad imt/01- tools/imt_sdk_win_64/winarm/armgcc/bin/../lib/gcc/arm-none-eabi/7.2.1/../../../../arm-none-eabi/lib/thumb/v7-m\libg_nano.a(lib_a-memmove.o)
 .debug_frame   0x00000944       0x38 d:/emcaddad imt/01- tools/imt_sdk_win_64/winarm/armgcc/bin/../lib/gcc/arm-none-eabi/7.2.1/../../../../arm-none-eabi/lib/thumb/v7-m\libg_nano.a(lib_a-nano-freer.o)
 .debug_frame   0x0000097c       0x2c d:/emcaddad imt/01- tools/imt_sdk_win_64/winarm/armgcc/bin/../lib/gcc/arm-none-eabi/7.2.1/../../../../arm-none-eabi/lib/thumb/v7-m\libg_nano.a(lib_a-nano-mallocr.o)
 .debug_frame   0x000009a8       0x3c d:/emcaddad imt/01- tools/imt_sdk_win_64/winarm/armgcc/bin/../lib/gcc/arm-none-eabi/7.2.1/../../../../arm-none-eabi/lib/thumb/v7-m\libg_nano.a(lib_a-nano-reallocr.o)
 .debug_frame   0x000009e4       0x2c d:/emcaddad imt/01- tools/imt_sdk_win_64/winarm/armgcc/bin/../lib/gcc/arm-none-eabi/7.2.1/../../../../arm-none-eabi/lib/thumb/v7-m\libg_nano.a(lib_a-sbrkr.o)
 .debug_frame   0x00000a10       0x30 d:/emcaddad imt/01- tools/imt_sdk_win_64/winarm/armgcc/bin/../lib/gcc/arm-none-eabi/7.2.1/../../../../arm-none-eabi/lib/thumb/v7-m\libg_nano.a(lib_a-mlock.o)
 .debug_frame   0x00000a40       0x20 d:/emcaddad imt/01- tools/imt_sdk_win_64/winarm/armgcc/bin/../lib/gcc/arm-none-eabi/7.2.1/../../../../arm-none-eabi/lib/thumb/v7-m\libg_nano.a(lib_a-nano-msizer.o)

.debug_str      0x00000000    0x57075
 *(.debug_str)
 .debug_str     0x00000000     0x7cf6 ./system/src/newlib/_exit.o
                               0x7ec9 (size before relaxing)
 .debug_str     0x00007cf6      0x4f5 ./system/src/newlib/_sbrk.o
                               0x727b (size before relaxing)
 .debug_str     0x000081eb      0xbbd ./system/src/newlib/_startup.o
                               0x69b6 (size before relaxing)
 .debug_str     0x00008da8      0xe8b ./system/src/newlib/_syscalls.o
                               0x8156 (size before relaxing)
 .debug_str     0x00009c33      0x826 ./system/src/diag/Trace.o
                               0x8641 (size before relaxing)
 .debug_str     0x0000a459    0x4b2b9 ./system/src/diag/trace_impl.o
                              0x52a27 (size before relaxing)
 .debug_str     0x00055712       0xc4 ./system/src/cortexm/_initialize_hardware.o
                              0x4e818 (size before relaxing)
 .debug_str     0x000557d6      0x1a6 ./system/src/cortexm/exception_handlers.o
                              0x53c4c (size before relaxing)
 .debug_str     0x0005597c      0x114 ./system/src/cmsis/system_stm32f10x.o
                              0x4e8b2 (size before relaxing)
 .debug_str     0x00055a90       0x57 ./system/src/cmsis/vectors_stm32f10x.o
                               0x3857 (size before relaxing)
 .debug_str     0x00055ae7      0x34a ./src/MCAL/SYSTICK/SYSTICK_pro.o
                               0x30b6 (size before relaxing)
 .debug_str     0x00055e31      0x1f2 ./src/MCAL/RCC/RCC_pro.o
                               0x3071 (size before relaxing)
 .debug_str     0x00056023      0x5de ./src/MCAL/NVIC/NVIC_pro.o
                               0x3441 (size before relaxing)
 .debug_str     0x00056601      0x495 ./src/MCAL/GPIO/GPIO_pro.o
                               0x32e1 (size before relaxing)
 .debug_str     0x00056a96      0x316 ./src/MCAL/EXTI/EXTI_pro.o
                               0x3178 (size before relaxing)
 .debug_str     0x00056dac      0x2c9 ./src/main.o
                               0x392a (size before relaxing)

.debug_loc      0x00000000     0x12c8
 *(.debug_loc)
 .debug_loc     0x00000000       0x85 ./system/src/newlib/_sbrk.o
 .debug_loc     0x00000085      0x1a9 ./system/src/newlib/_startup.o
 .debug_loc     0x0000022e       0x63 ./system/src/newlib/_syscalls.o
 .debug_loc     0x00000291       0xf6 ./system/src/diag/Trace.o
 .debug_loc     0x00000387      0x121 ./system/src/diag/trace_impl.o
 .debug_loc     0x000004a8      0x291 ./system/src/cortexm/exception_handlers.o
 .debug_loc     0x00000739       0xdf ./system/src/cmsis/system_stm32f10x.o
 .debug_loc     0x00000818      0x14c ./src/MCAL/RCC/RCC_pro.o
 .debug_loc     0x00000964      0x20c ./src/MCAL/NVIC/NVIC_pro.o
 .debug_loc     0x00000b70      0x585 ./src/MCAL/GPIO/GPIO_pro.o
 .debug_loc     0x000010f5      0x19e ./src/MCAL/EXTI/EXTI_pro.o
 .debug_loc     0x00001293       0x35 ./src/main.o

.debug_macinfo
 *(.debug_macinfo)

.debug_weaknames
 *(.debug_weaknames)

.debug_funcnames
 *(.debug_funcnames)

.debug_typenames
 *(.debug_typenames)

.debug_varnames
 *(.debug_varnames)
OUTPUT(ARM_IR.elf elf32-littlearm)

.debug_ranges   0x00000000      0x380
 .debug_ranges  0x00000000       0x18 ./system/src/newlib/_exit.o
 .debug_ranges  0x00000018       0x10 ./system/src/newlib/_sbrk.o
 .debug_ranges  0x00000028       0x78 ./system/src/newlib/_startup.o
 .debug_ranges  0x000000a0       0x20 ./system/src/newlib/_syscalls.o
 .debug_ranges  0x000000c0       0x28 ./system/src/diag/Trace.o
 .debug_ranges  0x000000e8       0x50 ./system/src/diag/trace_impl.o
 .debug_ranges  0x00000138       0x18 ./system/src/cortexm/_initialize_hardware.o
 .debug_ranges  0x00000150       0x80 ./system/src/cortexm/exception_handlers.o
 .debug_ranges  0x000001d0       0x28 ./system/src/cmsis/system_stm32f10x.o
 .debug_ranges  0x000001f8       0x10 ./system/src/cmsis/vectors_stm32f10x.o
 .debug_ranges  0x00000208       0x50 ./src/MCAL/SYSTICK/SYSTICK_pro.o
 .debug_ranges  0x00000258       0x20 ./src/MCAL/RCC/RCC_pro.o
 .debug_ranges  0x00000278       0x40 ./src/MCAL/NVIC/NVIC_pro.o
 .debug_ranges  0x000002b8       0x40 ./src/MCAL/GPIO/GPIO_pro.o
 .debug_ranges  0x000002f8       0x50 ./src/MCAL/EXTI/EXTI_pro.o
 .debug_ranges  0x00000348       0x38 ./src/main.o

.debug_macro    0x00000000     0x2c9e
 .debug_macro   0x00000000      0x1b4 ./system/src/newlib/_exit.o
 .debug_macro   0x000001b4       0x9c ./system/src/newlib/_exit.o
 .debug_macro   0x00000250      0x10e ./system/src/newlib/_exit.o
 .debug_macro   0x0000035e       0x8d ./system/src/newlib/_exit.o
 .debug_macro   0x000003eb       0x43 ./system/src/newlib/_exit.o
 .debug_macro   0x0000042e      0x330 ./system/src/newlib/_exit.o
 .debug_macro   0x0000075e       0x35 ./system/src/newlib/_exit.o
 .debug_macro   0x00000793      0x169 ./system/src/newlib/_sbrk.o
 .debug_macro   0x000008fc      0x174 ./system/src/newlib/_sbrk.o
 .debug_macro   0x00000a70       0x10 ./system/src/newlib/_sbrk.o
 .debug_macro   0x00000a80      0x23b ./system/src/newlib/_sbrk.o
 .debug_macro   0x00000cbb      0x173 ./system/src/newlib/_startup.o
 .debug_macro   0x00000e2e      0x217 ./system/src/newlib/_syscalls.o
 .debug_macro   0x00001045       0x1c ./system/src/newlib/_syscalls.o
 .debug_macro   0x00001061       0x10 ./system/src/newlib/_syscalls.o
 .debug_macro   0x00001071       0x10 ./system/src/newlib/_syscalls.o
 .debug_macro   0x00001081       0x10 ./system/src/newlib/_syscalls.o
 .debug_macro   0x00001091       0x35 ./system/src/newlib/_syscalls.o
 .debug_macro   0x000010c6      0x122 ./system/src/newlib/_syscalls.o
 .debug_macro   0x000011e8       0x88 ./system/src/newlib/_syscalls.o
 .debug_macro   0x00001270       0x2b ./system/src/newlib/_syscalls.o
 .debug_macro   0x0000129b      0x118 ./system/src/newlib/_syscalls.o
 .debug_macro   0x000013b3      0x189 ./system/src/newlib/_syscalls.o
 .debug_macro   0x0000153c       0x16 ./system/src/newlib/_syscalls.o
 .debug_macro   0x00001552      0x1fb ./system/src/diag/Trace.o
 .debug_macro   0x0000174d       0x16 ./system/src/diag/Trace.o
 .debug_macro   0x00001763       0x97 ./system/src/diag/Trace.o
 .debug_macro   0x000017fa       0xfd ./system/src/diag/Trace.o
 .debug_macro   0x000018f7       0x10 ./system/src/diag/Trace.o
 .debug_macro   0x00001907       0x16 ./system/src/diag/Trace.o
 .debug_macro   0x0000191d      0x16f ./system/src/diag/Trace.o
 .debug_macro   0x00001a8c       0x4c ./system/src/diag/Trace.o
 .debug_macro   0x00001ad8       0x16 ./system/src/diag/Trace.o
 .debug_macro   0x00001aee      0x2da ./system/src/diag/trace_impl.o
 .debug_macro   0x00001dc8       0x10 ./system/src/diag/trace_impl.o
 .debug_macro   0x00001dd8       0xcf ./system/src/diag/trace_impl.o
 .debug_macro   0x00001ea7       0xbe ./system/src/diag/trace_impl.o
 .debug_macro   0x00001f65       0x22 ./system/src/diag/trace_impl.o
 .debug_macro   0x00001f87      0x16b ./system/src/cortexm/_initialize_hardware.o
 .debug_macro   0x000020f2      0x324 ./system/src/cortexm/exception_handlers.o
 .debug_macro   0x00002416       0x3b ./system/src/cortexm/exception_handlers.o
 .debug_macro   0x00002451       0x10 ./system/src/cortexm/exception_handlers.o
 .debug_macro   0x00002461      0x16e ./system/src/cmsis/system_stm32f10x.o
 .debug_macro   0x000025cf       0x34 ./system/src/cmsis/vectors_stm32f10x.o
 .debug_macro   0x00002603       0x3e ./src/MCAL/SYSTICK/SYSTICK_pro.o
 .debug_macro   0x00002641       0x10 ./src/MCAL/SYSTICK/SYSTICK_pro.o
 .debug_macro   0x00002651       0x22 ./src/MCAL/SYSTICK/SYSTICK_pro.o
 .debug_macro   0x00002673       0x16 ./src/MCAL/SYSTICK/SYSTICK_pro.o
 .debug_macro   0x00002689       0x16 ./src/MCAL/SYSTICK/SYSTICK_pro.o
 .debug_macro   0x0000269f       0x40 ./src/MCAL/SYSTICK/SYSTICK_pro.o
 .debug_macro   0x000026df       0x3e ./src/MCAL/RCC/RCC_pro.o
 .debug_macro   0x0000271d       0x10 ./src/MCAL/RCC/RCC_pro.o
 .debug_macro   0x0000272d       0x22 ./src/MCAL/RCC/RCC_pro.o
 .debug_macro   0x0000274f       0x2e ./src/MCAL/RCC/RCC_pro.o
 .debug_macro   0x0000277d       0x2e ./src/MCAL/RCC/RCC_pro.o
 .debug_macro   0x000027ab       0x52 ./src/MCAL/RCC/RCC_pro.o
 .debug_macro   0x000027fd       0x3f ./src/MCAL/NVIC/NVIC_pro.o
 .debug_macro   0x0000283c      0x118 ./src/MCAL/NVIC/NVIC_pro.o
 .debug_macro   0x00002954       0x2e ./src/MCAL/NVIC/NVIC_pro.o
 .debug_macro   0x00002982       0x3f ./src/MCAL/GPIO/GPIO_pro.o
 .debug_macro   0x000029c1       0xca ./src/MCAL/GPIO/GPIO_pro.o
 .debug_macro   0x00002a8b       0x2e ./src/MCAL/GPIO/GPIO_pro.o
 .debug_macro   0x00002ab9       0x3f ./src/MCAL/EXTI/EXTI_pro.o
 .debug_macro   0x00002af8       0x34 ./src/MCAL/EXTI/EXTI_pro.o
 .debug_macro   0x00002b2c       0x22 ./src/MCAL/EXTI/EXTI_pro.o
 .debug_macro   0x00002b4e       0x64 ./src/main.o
 .debug_macro   0x00002bb2       0x28 ./src/main.o
 .debug_macro   0x00002bda       0xc4 ./src/main.o
