Archive member included to satisfy reference by file (symbol)

d:/emcaddad imt/01- tools/imt_sdk_win_64/winarm/armgcc/bin/../lib/gcc/arm-none-eabi/7.2.1/../../../../arm-none-eabi/lib/thumb/v7-m\libg_nano.a(lib_a-errno.o)
                              ./system/src/newlib/_sbrk.o (__errno)
d:/emcaddad imt/01- tools/imt_sdk_win_64/winarm/armgcc/bin/../lib/gcc/arm-none-eabi/7.2.1/../../../../arm-none-eabi/lib/thumb/v7-m\libg_nano.a(lib_a-impure.o)
                              d:/emcaddad imt/01- tools/imt_sdk_win_64/winarm/armgcc/bin/../lib/gcc/arm-none-eabi/7.2.1/../../../../arm-none-eabi/lib/thumb/v7-m\libg_nano.a(lib_a-errno.o) (_impure_ptr)
d:/emcaddad imt/01- tools/imt_sdk_win_64/winarm/armgcc/bin/../lib/gcc/arm-none-eabi/7.2.1/../../../../arm-none-eabi/lib/thumb/v7-m\libg_nano.a(lib_a-malloc.o)
                              ./src/heap_3.o (malloc)
d:/emcaddad imt/01- tools/imt_sdk_win_64/winarm/armgcc/bin/../lib/gcc/arm-none-eabi/7.2.1/../../../../arm-none-eabi/lib/thumb/v7-m\libg_nano.a(lib_a-memcpy-stub.o)
                              ./src/queue.o (memcpy)
d:/emcaddad imt/01- tools/imt_sdk_win_64/winarm/armgcc/bin/../lib/gcc/arm-none-eabi/7.2.1/../../../../arm-none-eabi/lib/thumb/v7-m\libg_nano.a(lib_a-memset.o)
                              ./src/heap_2.o (memset)
d:/emcaddad imt/01- tools/imt_sdk_win_64/winarm/armgcc/bin/../lib/gcc/arm-none-eabi/7.2.1/../../../../arm-none-eabi/lib/thumb/v7-m\libg_nano.a(lib_a-nano-freer.o)
                              d:/emcaddad imt/01- tools/imt_sdk_win_64/winarm/armgcc/bin/../lib/gcc/arm-none-eabi/7.2.1/../../../../arm-none-eabi/lib/thumb/v7-m\libg_nano.a(lib_a-malloc.o) (_free_r)
d:/emcaddad imt/01- tools/imt_sdk_win_64/winarm/armgcc/bin/../lib/gcc/arm-none-eabi/7.2.1/../../../../arm-none-eabi/lib/thumb/v7-m\libg_nano.a(lib_a-nano-mallocr.o)
                              d:/emcaddad imt/01- tools/imt_sdk_win_64/winarm/armgcc/bin/../lib/gcc/arm-none-eabi/7.2.1/../../../../arm-none-eabi/lib/thumb/v7-m\libg_nano.a(lib_a-malloc.o) (_malloc_r)
d:/emcaddad imt/01- tools/imt_sdk_win_64/winarm/armgcc/bin/../lib/gcc/arm-none-eabi/7.2.1/../../../../arm-none-eabi/lib/thumb/v7-m\libg_nano.a(lib_a-sbrkr.o)
                              d:/emcaddad imt/01- tools/imt_sdk_win_64/winarm/armgcc/bin/../lib/gcc/arm-none-eabi/7.2.1/../../../../arm-none-eabi/lib/thumb/v7-m\libg_nano.a(lib_a-nano-mallocr.o) (_sbrk_r)
d:/emcaddad imt/01- tools/imt_sdk_win_64/winarm/armgcc/bin/../lib/gcc/arm-none-eabi/7.2.1/../../../../arm-none-eabi/lib/thumb/v7-m\libg_nano.a(lib_a-mlock.o)
                              d:/emcaddad imt/01- tools/imt_sdk_win_64/winarm/armgcc/bin/../lib/gcc/arm-none-eabi/7.2.1/../../../../arm-none-eabi/lib/thumb/v7-m\libg_nano.a(lib_a-nano-freer.o) (__malloc_lock)

Allocating common symbols
Common symbol       size              file

errno               0x4               ./system/src/newlib/_syscalls.o
GS_u32GroupConf     0x4               ./src/MCAL/NVIC/NVIC_pro.o

Discarded input sections

 .text          0x00000000        0x0 ./system/src/stm32f1-stdperiph/misc.o
 .data          0x00000000        0x0 ./system/src/stm32f1-stdperiph/misc.o
 .bss           0x00000000        0x0 ./system/src/stm32f1-stdperiph/misc.o
 .text.NVIC_PriorityGroupConfig
                0x00000000       0x14 ./system/src/stm32f1-stdperiph/misc.o
 .text.NVIC_Init
                0x00000000       0x58 ./system/src/stm32f1-stdperiph/misc.o
 .text.NVIC_SetVectorTable
                0x00000000       0x14 ./system/src/stm32f1-stdperiph/misc.o
 .text.NVIC_SystemLPConfig
                0x00000000       0x18 ./system/src/stm32f1-stdperiph/misc.o
 .text.SysTick_CLKSourceConfig
                0x00000000       0x18 ./system/src/stm32f1-stdperiph/misc.o
 .debug_info    0x00000000      0x52a ./system/src/stm32f1-stdperiph/misc.o
 .debug_abbrev  0x00000000      0x183 ./system/src/stm32f1-stdperiph/misc.o
 .debug_loc     0x00000000      0x16c ./system/src/stm32f1-stdperiph/misc.o
 .debug_aranges
                0x00000000       0x40 ./system/src/stm32f1-stdperiph/misc.o
 .debug_ranges  0x00000000       0x30 ./system/src/stm32f1-stdperiph/misc.o
 .debug_line    0x00000000      0x19f ./system/src/stm32f1-stdperiph/misc.o
 .debug_str     0x00000000      0x409 ./system/src/stm32f1-stdperiph/misc.o
 .comment       0x00000000       0x7f ./system/src/stm32f1-stdperiph/misc.o
 .debug_frame   0x00000000       0x6c ./system/src/stm32f1-stdperiph/misc.o
 .ARM.attributes
                0x00000000       0x33 ./system/src/stm32f1-stdperiph/misc.o
 .text          0x00000000        0x0 ./system/src/stm32f1-stdperiph/stm32f10x_gpio.o
 .data          0x00000000        0x0 ./system/src/stm32f1-stdperiph/stm32f10x_gpio.o
 .bss           0x00000000        0x0 ./system/src/stm32f1-stdperiph/stm32f10x_gpio.o
 .text.GPIO_DeInit
                0x00000000       0xb8 ./system/src/stm32f1-stdperiph/stm32f10x_gpio.o
 .text.GPIO_AFIODeInit
                0x00000000       0x16 ./system/src/stm32f1-stdperiph/stm32f10x_gpio.o
 .text.GPIO_Init
                0x00000000       0xa6 ./system/src/stm32f1-stdperiph/stm32f10x_gpio.o
 .text.GPIO_StructInit
                0x00000000       0x10 ./system/src/stm32f1-stdperiph/stm32f10x_gpio.o
 .text.GPIO_ReadInputDataBit
                0x00000000        0xc ./system/src/stm32f1-stdperiph/stm32f10x_gpio.o
 .text.GPIO_ReadInputData
                0x00000000        0x6 ./system/src/stm32f1-stdperiph/stm32f10x_gpio.o
 .text.GPIO_ReadOutputDataBit
                0x00000000        0xc ./system/src/stm32f1-stdperiph/stm32f10x_gpio.o
 .text.GPIO_ReadOutputData
                0x00000000        0x6 ./system/src/stm32f1-stdperiph/stm32f10x_gpio.o
 .text.GPIO_SetBits
                0x00000000        0x4 ./system/src/stm32f1-stdperiph/stm32f10x_gpio.o
 .text.GPIO_ResetBits
                0x00000000        0x4 ./system/src/stm32f1-stdperiph/stm32f10x_gpio.o
 .text.GPIO_WriteBit
                0x00000000        0xa ./system/src/stm32f1-stdperiph/stm32f10x_gpio.o
 .text.GPIO_Write
                0x00000000        0x4 ./system/src/stm32f1-stdperiph/stm32f10x_gpio.o
 .text.GPIO_PinLockConfig
                0x00000000       0x10 ./system/src/stm32f1-stdperiph/stm32f10x_gpio.o
 .text.GPIO_EventOutputConfig
                0x00000000       0x1c ./system/src/stm32f1-stdperiph/stm32f10x_gpio.o
 .text.GPIO_EventOutputCmd
                0x00000000        0xc ./system/src/stm32f1-stdperiph/stm32f10x_gpio.o
 .text.GPIO_PinRemapConfig
                0x00000000       0x60 ./system/src/stm32f1-stdperiph/stm32f10x_gpio.o
 .text.GPIO_EXTILineConfig
                0x00000000       0x2a ./system/src/stm32f1-stdperiph/stm32f10x_gpio.o
 .text.GPIO_ETH_MediaInterfaceConfig
                0x00000000        0xc ./system/src/stm32f1-stdperiph/stm32f10x_gpio.o
 .debug_info    0x00000000      0x7c9 ./system/src/stm32f1-stdperiph/stm32f10x_gpio.o
 .debug_abbrev  0x00000000      0x220 ./system/src/stm32f1-stdperiph/stm32f10x_gpio.o
 .debug_loc     0x00000000      0x577 ./system/src/stm32f1-stdperiph/stm32f10x_gpio.o
 .debug_aranges
                0x00000000       0xa8 ./system/src/stm32f1-stdperiph/stm32f10x_gpio.o
 .debug_ranges  0x00000000       0x98 ./system/src/stm32f1-stdperiph/stm32f10x_gpio.o
 .debug_line    0x00000000      0x332 ./system/src/stm32f1-stdperiph/stm32f10x_gpio.o
 .debug_str     0x00000000      0x570 ./system/src/stm32f1-stdperiph/stm32f10x_gpio.o
 .comment       0x00000000       0x7f ./system/src/stm32f1-stdperiph/stm32f10x_gpio.o
 .debug_frame   0x00000000      0x170 ./system/src/stm32f1-stdperiph/stm32f10x_gpio.o
 .ARM.attributes
                0x00000000       0x33 ./system/src/stm32f1-stdperiph/stm32f10x_gpio.o
 .text          0x00000000        0x0 ./system/src/stm32f1-stdperiph/stm32f10x_rcc.o
 .data          0x00000000        0x0 ./system/src/stm32f1-stdperiph/stm32f10x_rcc.o
 .bss           0x00000000        0x0 ./system/src/stm32f1-stdperiph/stm32f10x_rcc.o
 .text.RCC_DeInit
                0x00000000       0x40 ./system/src/stm32f1-stdperiph/stm32f10x_rcc.o
 .text.RCC_HSEConfig
                0x00000000       0x38 ./system/src/stm32f1-stdperiph/stm32f10x_rcc.o
 .text.RCC_AdjustHSICalibrationValue
                0x00000000       0x14 ./system/src/stm32f1-stdperiph/stm32f10x_rcc.o
 .text.RCC_HSICmd
                0x00000000        0xc ./system/src/stm32f1-stdperiph/stm32f10x_rcc.o
 .text.RCC_PLLConfig
                0x00000000       0x14 ./system/src/stm32f1-stdperiph/stm32f10x_rcc.o
 .text.RCC_PLLCmd
                0x00000000        0xc ./system/src/stm32f1-stdperiph/stm32f10x_rcc.o
 .text.RCC_SYSCLKConfig
                0x00000000       0x14 ./system/src/stm32f1-stdperiph/stm32f10x_rcc.o
 .text.RCC_GetSYSCLKSource
                0x00000000       0x10 ./system/src/stm32f1-stdperiph/stm32f10x_rcc.o
 .text.RCC_HCLKConfig
                0x00000000       0x14 ./system/src/stm32f1-stdperiph/stm32f10x_rcc.o
 .text.RCC_PCLK1Config
                0x00000000       0x14 ./system/src/stm32f1-stdperiph/stm32f10x_rcc.o
 .text.RCC_PCLK2Config
                0x00000000       0x14 ./system/src/stm32f1-stdperiph/stm32f10x_rcc.o
 .text.RCC_ITConfig
                0x00000000       0x18 ./system/src/stm32f1-stdperiph/stm32f10x_rcc.o
 .text.RCC_USBCLKConfig
                0x00000000        0xc ./system/src/stm32f1-stdperiph/stm32f10x_rcc.o
 .text.RCC_ADCCLKConfig
                0x00000000       0x14 ./system/src/stm32f1-stdperiph/stm32f10x_rcc.o
 .text.RCC_LSEConfig
                0x00000000       0x20 ./system/src/stm32f1-stdperiph/stm32f10x_rcc.o
 .text.RCC_LSICmd
                0x00000000        0xc ./system/src/stm32f1-stdperiph/stm32f10x_rcc.o
 .text.RCC_RTCCLKConfig
                0x00000000       0x10 ./system/src/stm32f1-stdperiph/stm32f10x_rcc.o
 .text.RCC_RTCCLKCmd
                0x00000000        0xc ./system/src/stm32f1-stdperiph/stm32f10x_rcc.o
 .text.RCC_GetClocksFreq
                0x00000000       0x84 ./system/src/stm32f1-stdperiph/stm32f10x_rcc.o
 .text.RCC_AHBPeriphClockCmd
                0x00000000       0x18 ./system/src/stm32f1-stdperiph/stm32f10x_rcc.o
 .text.RCC_APB2PeriphClockCmd
                0x00000000       0x18 ./system/src/stm32f1-stdperiph/stm32f10x_rcc.o
 .text.RCC_APB1PeriphClockCmd
                0x00000000       0x18 ./system/src/stm32f1-stdperiph/stm32f10x_rcc.o
 .text.RCC_APB2PeriphResetCmd
                0x00000000       0x18 ./system/src/stm32f1-stdperiph/stm32f10x_rcc.o
 .text.RCC_APB1PeriphResetCmd
                0x00000000       0x18 ./system/src/stm32f1-stdperiph/stm32f10x_rcc.o
 .text.RCC_BackupResetCmd
                0x00000000        0xc ./system/src/stm32f1-stdperiph/stm32f10x_rcc.o
 .text.RCC_ClockSecuritySystemCmd
                0x00000000        0xc ./system/src/stm32f1-stdperiph/stm32f10x_rcc.o
 .text.RCC_MCOConfig
                0x00000000        0xc ./system/src/stm32f1-stdperiph/stm32f10x_rcc.o
 .text.RCC_GetFlagStatus
                0x00000000       0x28 ./system/src/stm32f1-stdperiph/stm32f10x_rcc.o
 .text.RCC_WaitForHSEStartUp
                0x00000000       0x30 ./system/src/stm32f1-stdperiph/stm32f10x_rcc.o
 .text.RCC_ClearFlag
                0x00000000       0x10 ./system/src/stm32f1-stdperiph/stm32f10x_rcc.o
 .text.RCC_GetITStatus
                0x00000000       0x14 ./system/src/stm32f1-stdperiph/stm32f10x_rcc.o
 .text.RCC_ClearITPendingBit
                0x00000000        0xc ./system/src/stm32f1-stdperiph/stm32f10x_rcc.o
 .data.ADCPrescTable
                0x00000000        0x4 ./system/src/stm32f1-stdperiph/stm32f10x_rcc.o
 .data.APBAHBPrescTable
                0x00000000       0x10 ./system/src/stm32f1-stdperiph/stm32f10x_rcc.o
 .debug_info    0x00000000      0x8b4 ./system/src/stm32f1-stdperiph/stm32f10x_rcc.o
 .debug_abbrev  0x00000000      0x1f7 ./system/src/stm32f1-stdperiph/stm32f10x_rcc.o
 .debug_loc     0x00000000      0x6b8 ./system/src/stm32f1-stdperiph/stm32f10x_rcc.o
 .debug_aranges
                0x00000000      0x118 ./system/src/stm32f1-stdperiph/stm32f10x_rcc.o
 .debug_ranges  0x00000000      0x108 ./system/src/stm32f1-stdperiph/stm32f10x_rcc.o
 .debug_line    0x00000000      0x41d ./system/src/stm32f1-stdperiph/stm32f10x_rcc.o
 .debug_str     0x00000000      0x65a ./system/src/stm32f1-stdperiph/stm32f10x_rcc.o
 .comment       0x00000000       0x7f ./system/src/stm32f1-stdperiph/stm32f10x_rcc.o
 .debug_frame   0x00000000      0x220 ./system/src/stm32f1-stdperiph/stm32f10x_rcc.o
 .ARM.attributes
                0x00000000       0x33 ./system/src/stm32f1-stdperiph/stm32f10x_rcc.o
 .text          0x00000000        0x0 ./system/src/newlib/_cxx.o
 .data          0x00000000        0x0 ./system/src/newlib/_cxx.o
 .bss           0x00000000        0x0 ./system/src/newlib/_cxx.o
 .text._ZN9__gnu_cxx27__verbose_terminate_handlerEv
                0x00000000        0x6 ./system/src/newlib/_cxx.o
 .text.__cxa_pure_virtual
                0x00000000        0x6 ./system/src/newlib/_cxx.o
 .debug_info    0x00000000      0xf94 ./system/src/newlib/_cxx.o
 .debug_abbrev  0x00000000      0x300 ./system/src/newlib/_cxx.o
 .debug_aranges
                0x00000000       0x20 ./system/src/newlib/_cxx.o
 .debug_ranges  0x00000000       0x10 ./system/src/newlib/_cxx.o
 .debug_line    0x00000000      0x30b ./system/src/newlib/_cxx.o
 .debug_str     0x00000000      0x7fb ./system/src/newlib/_cxx.o
 .comment       0x00000000       0x7f ./system/src/newlib/_cxx.o
 .debug_frame   0x00000000       0x40 ./system/src/newlib/_cxx.o
 .ARM.attributes
                0x00000000       0x33 ./system/src/newlib/_cxx.o
 .text          0x00000000        0x0 ./system/src/newlib/_exit.o
 .data          0x00000000        0x0 ./system/src/newlib/_exit.o
 .bss           0x00000000        0x0 ./system/src/newlib/_exit.o
 .text.abort    0x00000000        0x8 ./system/src/newlib/_exit.o
 .text          0x00000000        0x0 ./system/src/newlib/_sbrk.o
 .data          0x00000000        0x0 ./system/src/newlib/_sbrk.o
 .bss           0x00000000        0x0 ./system/src/newlib/_sbrk.o
 .text._sbrk    0x00000000       0x3c ./system/src/newlib/_sbrk.o
 .bss.current_heap_end.3961
                0x00000000        0x4 ./system/src/newlib/_sbrk.o
 .debug_info    0x00000000      0x93e ./system/src/newlib/_sbrk.o
 .debug_abbrev  0x00000000      0x1f9 ./system/src/newlib/_sbrk.o
 .debug_loc     0x00000000       0x6a ./system/src/newlib/_sbrk.o
 .debug_aranges
                0x00000000       0x20 ./system/src/newlib/_sbrk.o
 .debug_ranges  0x00000000       0x10 ./system/src/newlib/_sbrk.o
 .debug_line    0x00000000      0x14f ./system/src/newlib/_sbrk.o
 .debug_str     0x00000000      0x5e7 ./system/src/newlib/_sbrk.o
 .comment       0x00000000       0x7f ./system/src/newlib/_sbrk.o
 .debug_frame   0x00000000       0x28 ./system/src/newlib/_sbrk.o
 .ARM.attributes
                0x00000000       0x33 ./system/src/newlib/_sbrk.o
 .text          0x00000000        0x0 ./system/src/newlib/_startup.o
 .data          0x00000000        0x0 ./system/src/newlib/_startup.o
 .bss           0x00000000        0x0 ./system/src/newlib/_startup.o
 .text.__initialize_data
                0x00000000       0x10 ./system/src/newlib/_startup.o
 .text.__initialize_bss
                0x00000000        0xe ./system/src/newlib/_startup.o
 .text.__run_init_array
                0x00000000       0x44 ./system/src/newlib/_startup.o
 .text.__run_fini_array
                0x00000000       0x24 ./system/src/newlib/_startup.o
 .text          0x00000000        0x0 ./system/src/newlib/_syscalls.o
 .data          0x00000000        0x0 ./system/src/newlib/_syscalls.o
 .bss           0x00000000        0x0 ./system/src/newlib/_syscalls.o
 .text.raise    0x00000000       0x10 ./system/src/newlib/_syscalls.o
 .text.kill     0x00000000       0x10 ./system/src/newlib/_syscalls.o
 .bss.__dso_handle
                0x00000000        0x4 ./system/src/newlib/_syscalls.o
 COMMON         0x00000000        0x4 ./system/src/newlib/_syscalls.o
 .text          0x00000000        0x0 ./system/src/newlib/assert.o
 .data          0x00000000        0x0 ./system/src/newlib/assert.o
 .bss           0x00000000        0x0 ./system/src/newlib/assert.o
 .text.__assert_func
                0x00000000        0x6 ./system/src/newlib/assert.o
 .debug_info    0x00000000      0x96b ./system/src/newlib/assert.o
 .debug_abbrev  0x00000000      0x1fe ./system/src/newlib/assert.o
 .debug_loc     0x00000000       0x84 ./system/src/newlib/assert.o
 .debug_aranges
                0x00000000       0x20 ./system/src/newlib/assert.o
 .debug_ranges  0x00000000       0x10 ./system/src/newlib/assert.o
 .debug_line    0x00000000      0x1ba ./system/src/newlib/assert.o
 .debug_str     0x00000000      0x5f0 ./system/src/newlib/assert.o
 .comment       0x00000000       0x7f ./system/src/newlib/assert.o
 .debug_frame   0x00000000       0x28 ./system/src/newlib/assert.o
 .ARM.attributes
                0x00000000       0x33 ./system/src/newlib/assert.o
 .text          0x00000000        0x0 ./system/src/diag/Trace.o
 .data          0x00000000        0x0 ./system/src/diag/Trace.o
 .bss           0x00000000        0x0 ./system/src/diag/Trace.o
 .debug_line    0x00000000        0x0 ./system/src/diag/Trace.o
 .debug_str     0x00000000      0x103 ./system/src/diag/Trace.o
 .comment       0x00000000       0x7f ./system/src/diag/Trace.o
 .ARM.attributes
                0x00000000       0x33 ./system/src/diag/Trace.o
 .text          0x00000000        0x0 ./system/src/diag/trace_impl.o
 .data          0x00000000        0x0 ./system/src/diag/trace_impl.o
 .bss           0x00000000        0x0 ./system/src/diag/trace_impl.o
 .debug_line    0x00000000        0x0 ./system/src/diag/trace_impl.o
 .debug_str     0x00000000      0x108 ./system/src/diag/trace_impl.o
 .comment       0x00000000       0x7f ./system/src/diag/trace_impl.o
 .ARM.attributes
                0x00000000       0x33 ./system/src/diag/trace_impl.o
 .text          0x00000000        0x0 ./system/src/cortexm/_initialize_hardware.o
 .data          0x00000000        0x0 ./system/src/cortexm/_initialize_hardware.o
 .bss           0x00000000        0x0 ./system/src/cortexm/_initialize_hardware.o
 .text          0x00000000        0x0 ./system/src/cortexm/_reset_hardware.o
 .data          0x00000000        0x0 ./system/src/cortexm/_reset_hardware.o
 .bss           0x00000000        0x0 ./system/src/cortexm/_reset_hardware.o
 .text          0x00000000        0x0 ./system/src/cortexm/exception_handlers.o
 .data          0x00000000        0x0 ./system/src/cortexm/exception_handlers.o
 .bss           0x00000000        0x0 ./system/src/cortexm/exception_handlers.o
 .text          0x00000000        0x0 ./system/src/cmsis/system_stm32f10x.o
 .data          0x00000000        0x0 ./system/src/cmsis/system_stm32f10x.o
 .bss           0x00000000        0x0 ./system/src/cmsis/system_stm32f10x.o
 .text          0x00000000        0x0 ./system/src/cmsis/vectors_stm32f10x.o
 .data          0x00000000        0x0 ./system/src/cmsis/vectors_stm32f10x.o
 .bss           0x00000000        0x0 ./system/src/cmsis/vectors_stm32f10x.o
 .text          0x00000000        0x0 ./src/MCAL/SYSTICK/SYSTICK_pro.o
 .data          0x00000000        0x0 ./src/MCAL/SYSTICK/SYSTICK_pro.o
 .bss           0x00000000        0x0 ./src/MCAL/SYSTICK/SYSTICK_pro.o
 .text.MSTK_vStartTimer
                0x00000000       0x18 ./src/MCAL/SYSTICK/SYSTICK_pro.o
 .text.MSTK_vStoptTimer
                0x00000000       0x10 ./src/MCAL/SYSTICK/SYSTICK_pro.o
 .text.MSTK_vDelay
                0x00000000       0x24 ./src/MCAL/SYSTICK/SYSTICK_pro.o
 .text.MSTK_vSetInterval_Single
                0x00000000       0x28 ./src/MCAL/SYSTICK/SYSTICK_pro.o
 .text.MSTK_vSetInterval_Periodic
                0x00000000       0x28 ./src/MCAL/SYSTICK/SYSTICK_pro.o
 .text.MSTK_u32GetElapsedTime
                0x00000000       0x10 ./src/MCAL/SYSTICK/SYSTICK_pro.o
 .text.MSTK_u32GetRemainingTime
                0x00000000        0xc ./src/MCAL/SYSTICK/SYSTICK_pro.o
 .text          0x00000000        0x0 ./src/MCAL/RCC/RCC_pro.o
 .data          0x00000000        0x0 ./src/MCAL/RCC/RCC_pro.o
 .bss           0x00000000        0x0 ./src/MCAL/RCC/RCC_pro.o
 .text.MRCC_vDisablClock
                0x00000000       0x40 ./src/MCAL/RCC/RCC_pro.o
 .text          0x00000000        0x0 ./src/MCAL/NVIC/NVIC_pro.o
 .data          0x00000000        0x0 ./src/MCAL/NVIC/NVIC_pro.o
 .bss           0x00000000        0x0 ./src/MCAL/NVIC/NVIC_pro.o
 .text.MNVIC_vEnableIntreupt
                0x00000000       0x18 ./src/MCAL/NVIC/NVIC_pro.o
 .text.MNVIC_vDisableIntreupt
                0x00000000       0x1c ./src/MCAL/NVIC/NVIC_pro.o
 .text.MNVIC_vSetPendingFlag
                0x00000000       0x1c ./src/MCAL/NVIC/NVIC_pro.o
 .text.MNVIC_vClearPendingFlag
                0x00000000       0x1c ./src/MCAL/NVIC/NVIC_pro.o
 .text.MNVIC_vGetActiveFlag
                0x00000000       0x1c ./src/MCAL/NVIC/NVIC_pro.o
 .text.MNVIC_voidSetPriorityConfig
                0x00000000       0x1c ./src/MCAL/NVIC/NVIC_pro.o
 .text.MNVIC_VoidSetPriority
                0x00000000       0x80 ./src/MCAL/NVIC/NVIC_pro.o
 .debug_info    0x00000000      0x2e2 ./src/MCAL/NVIC/NVIC_pro.o
 .debug_abbrev  0x00000000      0x112 ./src/MCAL/NVIC/NVIC_pro.o
 .debug_loc     0x00000000      0x1b6 ./src/MCAL/NVIC/NVIC_pro.o
 .debug_aranges
                0x00000000       0x50 ./src/MCAL/NVIC/NVIC_pro.o
 .debug_ranges  0x00000000       0x40 ./src/MCAL/NVIC/NVIC_pro.o
 .debug_line    0x00000000      0x106 ./src/MCAL/NVIC/NVIC_pro.o
 .debug_str     0x00000000      0x2f4 ./src/MCAL/NVIC/NVIC_pro.o
 .comment       0x00000000       0x7f ./src/MCAL/NVIC/NVIC_pro.o
 .debug_frame   0x00000000       0x88 ./src/MCAL/NVIC/NVIC_pro.o
 .ARM.attributes
                0x00000000       0x33 ./src/MCAL/NVIC/NVIC_pro.o
 COMMON         0x00000000        0x4 ./src/MCAL/NVIC/NVIC_pro.o
 .text          0x00000000        0x0 ./src/MCAL/GPIO/GPIO_pro.o
 .data          0x00000000        0x0 ./src/MCAL/GPIO/GPIO_pro.o
 .bss           0x00000000        0x0 ./src/MCAL/GPIO/GPIO_pro.o
 .text.MGPIO_vSetMode
                0x00000000       0x94 ./src/MCAL/GPIO/GPIO_pro.o
 .text.MGPIO_vSetPinVal
                0x00000000       0x68 ./src/MCAL/GPIO/GPIO_pro.o
 .text.MGPIO_vGetPinVal
                0x00000000       0x30 ./src/MCAL/GPIO/GPIO_pro.o
 .text.MGPIO_vSetPortValLowPart
                0x00000000       0x30 ./src/MCAL/GPIO/GPIO_pro.o
 .text.MGPIO_vSetPortValHighPart
                0x00000000       0x30 ./src/MCAL/GPIO/GPIO_pro.o
 .text.MGPIO_vTogPinVal
                0x00000000       0x30 ./src/MCAL/GPIO/GPIO_pro.o
 .text.MGPIO_vInit
                0x00000000        0xa ./src/MCAL/GPIO/GPIO_pro.o
 .debug_info    0x00000000      0x2a7 ./src/MCAL/GPIO/GPIO_pro.o
 .debug_abbrev  0x00000000      0x102 ./src/MCAL/GPIO/GPIO_pro.o
 .debug_loc     0x00000000      0x37d ./src/MCAL/GPIO/GPIO_pro.o
 .debug_aranges
                0x00000000       0x50 ./src/MCAL/GPIO/GPIO_pro.o
 .debug_ranges  0x00000000       0x40 ./src/MCAL/GPIO/GPIO_pro.o
 .debug_line    0x00000000      0x141 ./src/MCAL/GPIO/GPIO_pro.o
 .debug_str     0x00000000      0x25d ./src/MCAL/GPIO/GPIO_pro.o
 .comment       0x00000000       0x7f ./src/MCAL/GPIO/GPIO_pro.o
 .debug_frame   0x00000000       0x88 ./src/MCAL/GPIO/GPIO_pro.o
 .ARM.attributes
                0x00000000       0x33 ./src/MCAL/GPIO/GPIO_pro.o
 .text          0x00000000        0x0 ./src/MCAL/EXTI/EXTI_pro.o
 .data          0x00000000        0x0 ./src/MCAL/EXTI/EXTI_pro.o
 .bss           0x00000000        0x0 ./src/MCAL/EXTI/EXTI_pro.o
 .text.MEXTI_vInit
                0x00000000        0x2 ./src/MCAL/EXTI/EXTI_pro.o
 .text.MEXTI_vEnableLine
                0x00000000       0x4c ./src/MCAL/EXTI/EXTI_pro.o
 .text.MEXTI_vDiableLine
                0x00000000       0x18 ./src/MCAL/EXTI/EXTI_pro.o
 .text.MEXTI_vSoftWareTrigger
                0x00000000       0x14 ./src/MCAL/EXTI/EXTI_pro.o
 .text.MEXTI_vSetTrigger
                0x00000000       0x4c ./src/MCAL/EXTI/EXTI_pro.o
 .text.MEXT_vClearPandingFlag
                0x00000000       0x14 ./src/MCAL/EXTI/EXTI_pro.o
 .text.MEXTI_vSetCallBack
                0x00000000        0xc ./src/MCAL/EXTI/EXTI_pro.o
 .text.MSYSCFG_vSetExtiPort
                0x00000000       0x30 ./src/MCAL/EXTI/EXTI_pro.o
 .text          0x00000000        0x0 ./src/HAL/S2P/S2P_pro.o
 .data          0x00000000        0x0 ./src/HAL/S2P/S2P_pro.o
 .bss           0x00000000        0x0 ./src/HAL/S2P/S2P_pro.o
 .text.S2P_vLatchData
                0x00000000       0x26 ./src/HAL/S2P/S2P_pro.o
 .text.S2P_vShiftData
                0x00000000       0x26 ./src/HAL/S2P/S2P_pro.o
 .text.HS2P_vInit
                0x00000000       0x24 ./src/HAL/S2P/S2P_pro.o
 .text.HS2P_vSendData
                0x00000000       0x28 ./src/HAL/S2P/S2P_pro.o
 .debug_info    0x00000000      0x256 ./src/HAL/S2P/S2P_pro.o
 .debug_abbrev  0x00000000       0xc0 ./src/HAL/S2P/S2P_pro.o
 .debug_loc     0x00000000       0x4b ./src/HAL/S2P/S2P_pro.o
 .debug_aranges
                0x00000000       0x38 ./src/HAL/S2P/S2P_pro.o
 .debug_ranges  0x00000000       0x28 ./src/HAL/S2P/S2P_pro.o
 .debug_line    0x00000000      0x121 ./src/HAL/S2P/S2P_pro.o
 .debug_str     0x00000000      0x1ce ./src/HAL/S2P/S2P_pro.o
 .comment       0x00000000       0x7f ./src/HAL/S2P/S2P_pro.o
 .debug_frame   0x00000000       0x88 ./src/HAL/S2P/S2P_pro.o
 .ARM.attributes
                0x00000000       0x33 ./src/HAL/S2P/S2P_pro.o
 .text          0x00000000        0x0 ./src/HAL/LED_MATRIX/LED_MATRIX_pro.o
 .data          0x00000000        0x0 ./src/HAL/LED_MATRIX/LED_MATRIX_pro.o
 .bss           0x00000000        0x0 ./src/HAL/LED_MATRIX/LED_MATRIX_pro.o
 .text.MLEDMTX_vInit
                0x00000000       0x2a ./src/HAL/LED_MATRIX/LED_MATRIX_pro.o
 .text.MLEDMTX_vDisplayFrame
                0x00000000       0x5e ./src/HAL/LED_MATRIX/LED_MATRIX_pro.o
 .debug_info    0x00000000      0x1f6 ./src/HAL/LED_MATRIX/LED_MATRIX_pro.o
 .debug_abbrev  0x00000000       0xd5 ./src/HAL/LED_MATRIX/LED_MATRIX_pro.o
 .debug_loc     0x00000000       0xcf ./src/HAL/LED_MATRIX/LED_MATRIX_pro.o
 .debug_aranges
                0x00000000       0x28 ./src/HAL/LED_MATRIX/LED_MATRIX_pro.o
 .debug_ranges  0x00000000       0x48 ./src/HAL/LED_MATRIX/LED_MATRIX_pro.o
 .debug_line    0x00000000      0x170 ./src/HAL/LED_MATRIX/LED_MATRIX_pro.o
 .debug_str     0x00000000      0x1f3 ./src/HAL/LED_MATRIX/LED_MATRIX_pro.o
 .comment       0x00000000       0x7f ./src/HAL/LED_MATRIX/LED_MATRIX_pro.o
 .debug_frame   0x00000000       0x48 ./src/HAL/LED_MATRIX/LED_MATRIX_pro.o
 .ARM.attributes
                0x00000000       0x33 ./src/HAL/LED_MATRIX/LED_MATRIX_pro.o
 .text          0x00000000        0x0 ./src/_write.o
 .data          0x00000000        0x0 ./src/_write.o
 .bss           0x00000000        0x0 ./src/_write.o
 .debug_line    0x00000000        0x0 ./src/_write.o
 .debug_str     0x00000000       0xf8 ./src/_write.o
 .comment       0x00000000       0x7f ./src/_write.o
 .ARM.attributes
                0x00000000       0x33 ./src/_write.o
 .text          0x00000000        0x0 ./src/croutine.o
 .data          0x00000000        0x0 ./src/croutine.o
 .bss           0x00000000        0x0 ./src/croutine.o
 .debug_info    0x00000000       0x72 ./src/croutine.o
 .debug_abbrev  0x00000000       0x26 ./src/croutine.o
 .debug_aranges
                0x00000000       0x18 ./src/croutine.o
 .debug_line    0x00000000       0x1d ./src/croutine.o
 .debug_str     0x00000000      0x18f ./src/croutine.o
 .comment       0x00000000       0x7f ./src/croutine.o
 .ARM.attributes
                0x00000000       0x33 ./src/croutine.o
 .text          0x00000000        0x0 ./src/event_groups.o
 .data          0x00000000        0x0 ./src/event_groups.o
 .bss           0x00000000        0x0 ./src/event_groups.o
 .text.xEventGroupCreate
                0x00000000       0x1a ./src/event_groups.o
 .text.xEventGroupWaitBits
                0x00000000       0xb4 ./src/event_groups.o
 .text.xEventGroupClearBits
                0x00000000       0x1a ./src/event_groups.o
 .text.xEventGroupGetBitsFromISR
                0x00000000       0x1c ./src/event_groups.o
 .text.xEventGroupSetBits
                0x00000000       0x5c ./src/event_groups.o
 .text.xEventGroupSync
                0x00000000       0x8c ./src/event_groups.o
 .text.vEventGroupDelete
                0x00000000       0x26 ./src/event_groups.o
 .text.vEventGroupSetBitsCallback
                0x00000000        0x4 ./src/event_groups.o
 .text.vEventGroupClearBitsCallback
                0x00000000        0x4 ./src/event_groups.o
 .debug_info    0x00000000     0x1117 ./src/event_groups.o
 .debug_abbrev  0x00000000      0x398 ./src/event_groups.o
 .debug_loc     0x00000000      0x74a ./src/event_groups.o
 .debug_aranges
                0x00000000       0x60 ./src/event_groups.o
 .debug_ranges  0x00000000       0x98 ./src/event_groups.o
 .debug_line    0x00000000      0x324 ./src/event_groups.o
 .debug_str     0x00000000      0x9eb ./src/event_groups.o
 .comment       0x00000000       0x7f ./src/event_groups.o
 .debug_frame   0x00000000       0xf8 ./src/event_groups.o
 .ARM.attributes
                0x00000000       0x33 ./src/event_groups.o
 .text          0x00000000        0x0 ./src/heap_1.o
 .data          0x00000000        0x0 ./src/heap_1.o
 .bss           0x00000000        0x0 ./src/heap_1.o
 .text.pvPortMalloc
                0x00000000       0x5c ./src/heap_1.o
 .text.vPortFree
                0x00000000        0x2 ./src/heap_1.o
 .text.vPortInitialiseBlocks
                0x00000000        0xc ./src/heap_1.o
 .text.xPortGetFreeHeapSize
                0x00000000       0x10 ./src/heap_1.o
 .bss.pucAlignedHeap.4662
                0x00000000        0x4 ./src/heap_1.o
 .bss.ucHeap    0x00000000     0x4400 ./src/heap_1.o
 .bss.xNextFreeByte
                0x00000000        0x4 ./src/heap_1.o
 .debug_info    0x00000000      0x9b5 ./src/heap_1.o
 .debug_abbrev  0x00000000      0x258 ./src/heap_1.o
 .debug_loc     0x00000000       0x49 ./src/heap_1.o
 .debug_aranges
                0x00000000       0x38 ./src/heap_1.o
 .debug_ranges  0x00000000       0x28 ./src/heap_1.o
 .debug_line    0x00000000      0x1e3 ./src/heap_1.o
 .debug_str     0x00000000      0x625 ./src/heap_1.o
 .comment       0x00000000       0x7f ./src/heap_1.o
 .debug_frame   0x00000000       0x58 ./src/heap_1.o
 .ARM.attributes
                0x00000000       0x33 ./src/heap_1.o
 .text          0x00000000        0x0 ./src/heap_2.o
 .data          0x00000000        0x0 ./src/heap_2.o
 .bss           0x00000000        0x0 ./src/heap_2.o
 .text.pvPortMalloc
                0x00000000       0xc4 ./src/heap_2.o
 .text.vPortFree
                0x00000000       0x54 ./src/heap_2.o
 .text.xPortGetFreeHeapSize
                0x00000000        0xc ./src/heap_2.o
 .text.vPortInitialiseBlocks
                0x00000000        0x2 ./src/heap_2.o
 .text.pvPortCalloc
                0x00000000       0x2a ./src/heap_2.o
 .bss.ucHeap    0x00000000     0x4400 ./src/heap_2.o
 .bss.xEnd      0x00000000        0x8 ./src/heap_2.o
 .bss.xHeapHasBeenInitialised.4876
                0x00000000        0x4 ./src/heap_2.o
 .bss.xStart    0x00000000        0x8 ./src/heap_2.o
 .data.xFreeBytesRemaining
                0x00000000        0x4 ./src/heap_2.o
 .debug_info    0x00000000      0xbd2 ./src/heap_2.o
 .debug_abbrev  0x00000000      0x342 ./src/heap_2.o
 .debug_loc     0x00000000      0x394 ./src/heap_2.o
 .debug_aranges
                0x00000000       0x40 ./src/heap_2.o
 .debug_ranges  0x00000000       0x78 ./src/heap_2.o
 .debug_line    0x00000000      0x27a ./src/heap_2.o
 .debug_str     0x00000000      0x734 ./src/heap_2.o
 .comment       0x00000000       0x7f ./src/heap_2.o
 .debug_frame   0x00000000       0x8c ./src/heap_2.o
 .ARM.attributes
                0x00000000       0x33 ./src/heap_2.o
 .text          0x00000000        0x0 ./src/heap_3.o
 .data          0x00000000        0x0 ./src/heap_3.o
 .bss           0x00000000        0x0 ./src/heap_3.o
 .text.pvPortMalloc
                0x00000000       0x18 ./src/heap_3.o
 .text.vPortFree
                0x00000000       0x1a ./src/heap_3.o
 .debug_info    0x00000000      0x981 ./src/heap_3.o
 .debug_abbrev  0x00000000      0x246 ./src/heap_3.o
 .debug_loc     0x00000000       0x81 ./src/heap_3.o
 .debug_aranges
                0x00000000       0x28 ./src/heap_3.o
 .debug_ranges  0x00000000       0x18 ./src/heap_3.o
 .debug_line    0x00000000      0x198 ./src/heap_3.o
 .debug_str     0x00000000      0x5d1 ./src/heap_3.o
 .comment       0x00000000       0x7f ./src/heap_3.o
 .debug_frame   0x00000000       0x48 ./src/heap_3.o
 .ARM.attributes
                0x00000000       0x33 ./src/heap_3.o
 .text          0x00000000        0x0 ./src/heap_4.o
 .data          0x00000000        0x0 ./src/heap_4.o
 .bss           0x00000000        0x0 ./src/heap_4.o
 .text.prvInsertBlockIntoFreeList
                0x00000000       0x48 ./src/heap_4.o
 .text.pvPortMalloc
                0x00000000       0xf0 ./src/heap_4.o
 .text.vPortFree
                0x00000000       0x50 ./src/heap_4.o
 .text.xPortGetFreeHeapSize
                0x00000000        0xc ./src/heap_4.o
 .text.xPortGetMinimumEverFreeHeapSize
                0x00000000        0xc ./src/heap_4.o
 .text.vPortInitialiseBlocks
                0x00000000        0x2 ./src/heap_4.o
 .text.pvPortCalloc
                0x00000000       0x2a ./src/heap_4.o
 .text.vPortGetHeapStats
                0x00000000       0x84 ./src/heap_4.o
 .bss.pxEnd     0x00000000        0x4 ./src/heap_4.o
 .bss.ucHeap    0x00000000     0x4400 ./src/heap_4.o
 .bss.xFreeBytesRemaining
                0x00000000        0x4 ./src/heap_4.o
 .bss.xMinimumEverFreeBytesRemaining
                0x00000000        0x4 ./src/heap_4.o
 .bss.xNumberOfSuccessfulAllocations
                0x00000000        0x4 ./src/heap_4.o
 .bss.xNumberOfSuccessfulFrees
                0x00000000        0x4 ./src/heap_4.o
 .bss.xStart    0x00000000        0x8 ./src/heap_4.o
 .debug_info    0x00000000      0xd64 ./src/heap_4.o
 .debug_abbrev  0x00000000      0x34c ./src/heap_4.o
 .debug_loc     0x00000000      0x467 ./src/heap_4.o
 .debug_aranges
                0x00000000       0x58 ./src/heap_4.o
 .debug_ranges  0x00000000       0x48 ./src/heap_4.o
 .debug_line    0x00000000      0x300 ./src/heap_4.o
 .debug_str     0x00000000      0x8b1 ./src/heap_4.o
 .comment       0x00000000       0x7f ./src/heap_4.o
 .debug_frame   0x00000000       0xe0 ./src/heap_4.o
 .ARM.attributes
                0x00000000       0x33 ./src/heap_4.o
 .text          0x00000000        0x0 ./src/heap_5.o
 .data          0x00000000        0x0 ./src/heap_5.o
 .bss           0x00000000        0x0 ./src/heap_5.o
 .text.prvInsertBlockIntoFreeList
                0x00000000       0x48 ./src/heap_5.o
 .text.pvPortMalloc
                0x00000000       0xac ./src/heap_5.o
 .text.vPortFree
                0x00000000       0x50 ./src/heap_5.o
 .text.xPortGetFreeHeapSize
                0x00000000        0xc ./src/heap_5.o
 .text.xPortGetMinimumEverFreeHeapSize
                0x00000000        0xc ./src/heap_5.o
 .text.pvPortCalloc
                0x00000000       0x2a ./src/heap_5.o
 .text.vPortDefineHeapRegions
                0x00000000       0x7c ./src/heap_5.o
 .text.vPortGetHeapStats
                0x00000000       0x88 ./src/heap_5.o
 .bss.pxEnd     0x00000000        0x4 ./src/heap_5.o
 .bss.xFreeBytesRemaining
                0x00000000        0x4 ./src/heap_5.o
 .bss.xMinimumEverFreeBytesRemaining
                0x00000000        0x4 ./src/heap_5.o
 .bss.xNumberOfSuccessfulAllocations
                0x00000000        0x4 ./src/heap_5.o
 .bss.xNumberOfSuccessfulFrees
                0x00000000        0x4 ./src/heap_5.o
 .bss.xStart    0x00000000        0x8 ./src/heap_5.o
 .debug_info    0x00000000      0xda2 ./src/heap_5.o
 .debug_abbrev  0x00000000      0x2ea ./src/heap_5.o
 .debug_loc     0x00000000      0x512 ./src/heap_5.o
 .debug_aranges
                0x00000000       0x58 ./src/heap_5.o
 .debug_ranges  0x00000000       0x48 ./src/heap_5.o
 .debug_line    0x00000000      0x30e ./src/heap_5.o
 .debug_str     0x00000000      0x934 ./src/heap_5.o
 .comment       0x00000000       0x7f ./src/heap_5.o
 .debug_frame   0x00000000       0xf0 ./src/heap_5.o
 .ARM.attributes
                0x00000000       0x33 ./src/heap_5.o
 .text          0x00000000        0x0 ./src/list.o
 .data          0x00000000        0x0 ./src/list.o
 .bss           0x00000000        0x0 ./src/list.o
 .text.vListInitialise
                0x00000000       0x16 ./src/list.o
 .text.vListInitialiseItem
                0x00000000        0x6 ./src/list.o
 .text.vListInsertEnd
                0x00000000       0x18 ./src/list.o
 .text.vListInsert
                0x00000000       0x2e ./src/list.o
 .text.uxListRemove
                0x00000000       0x22 ./src/list.o
 .debug_info    0x00000000      0xabe ./src/list.o
 .debug_abbrev  0x00000000      0x220 ./src/list.o
 .debug_loc     0x00000000       0x94 ./src/list.o
 .debug_aranges
                0x00000000       0x40 ./src/list.o
 .debug_ranges  0x00000000       0x30 ./src/list.o
 .debug_line    0x00000000      0x216 ./src/list.o
 .debug_str     0x00000000      0x6b9 ./src/list.o
 .comment       0x00000000       0x7f ./src/list.o
 .debug_frame   0x00000000       0x6c ./src/list.o
 .ARM.attributes
                0x00000000       0x33 ./src/list.o
 .text          0x00000000        0x0 ./src/main.o
 .data          0x00000000        0x0 ./src/main.o
 .bss           0x00000000        0x0 ./src/main.o
 .text          0x00000000        0x0 ./src/port.o
 .data          0x00000000        0x0 ./src/port.o
 .bss           0x00000000        0x0 ./src/port.o
 .text.prvTaskExitError
                0x00000000       0x20 ./src/port.o
 .text.prvPortStartFirstTask
                0x00000000       0x20 ./src/port.o
 .text.pxPortInitialiseStack
                0x00000000       0x24 ./src/port.o
 .text.vPortSVCHandler
                0x00000000       0x24 ./src/port.o
 .text.vPortEndScheduler
                0x00000000        0x2 ./src/port.o
 .text.vPortEnterCritical
                0x00000000       0x20 ./src/port.o
 .text.vPortExitCritical
                0x00000000       0x14 ./src/port.o
 .text.xPortPendSVHandler
                0x00000000       0x44 ./src/port.o
 .text.xPortSysTickHandler
                0x00000000       0x2c ./src/port.o
 .text.vPortSetupTimerInterrupt
                0x00000000       0x28 ./src/port.o
 .text.xPortStartScheduler
                0x00000000       0x38 ./src/port.o
 .data.uxCriticalNesting
                0x00000000        0x4 ./src/port.o
 .debug_info    0x00000000      0x31c ./src/port.o
 .debug_abbrev  0x00000000      0x1ca ./src/port.o
 .debug_loc     0x00000000       0xa8 ./src/port.o
 .debug_aranges
                0x00000000       0x70 ./src/port.o
 .debug_ranges  0x00000000       0x60 ./src/port.o
 .debug_line    0x00000000      0x1e2 ./src/port.o
 .debug_str     0x00000000      0x348 ./src/port.o
 .comment       0x00000000       0x7f ./src/port.o
 .debug_frame   0x00000000       0xd8 ./src/port.o
 .ARM.attributes
                0x00000000       0x33 ./src/port.o
 .text          0x00000000        0x0 ./src/queue.o
 .data          0x00000000        0x0 ./src/queue.o
 .bss           0x00000000        0x0 ./src/queue.o
 .text.prvIsQueueEmpty
                0x00000000       0x16 ./src/queue.o
 .text.prvCopyDataToQueue
                0x00000000       0x56 ./src/queue.o
 .text.prvCopyDataFromQueue
                0x00000000       0x28 ./src/queue.o
 .text.prvUnlockQueue
                0x00000000       0x70 ./src/queue.o
 .text.xQueueGenericReset
                0x00000000       0x7c ./src/queue.o
 .text.xQueueGenericCreate
                0x00000000       0x44 ./src/queue.o
 .text.xQueueGenericSend
                0x00000000       0xfc ./src/queue.o
 .text.xQueueGenericSendFromISR
                0x00000000       0x72 ./src/queue.o
 .text.xQueueGiveFromISR
                0x00000000       0x66 ./src/queue.o
 .text.xQueueReceive
                0x00000000       0xf0 ./src/queue.o
 .text.xQueueSemaphoreTake
                0x00000000       0xe4 ./src/queue.o
 .text.xQueuePeek
                0x00000000       0xf0 ./src/queue.o
 .text.xQueueReceiveFromISR
                0x00000000       0x70 ./src/queue.o
 .text.xQueuePeekFromISR
                0x00000000       0x30 ./src/queue.o
 .text.uxQueueMessagesWaiting
                0x00000000       0x12 ./src/queue.o
 .text.uxQueueSpacesAvailable
                0x00000000       0x16 ./src/queue.o
 .text.uxQueueMessagesWaitingFromISR
                0x00000000        0x4 ./src/queue.o
 .text.vQueueDelete
                0x00000000        0x4 ./src/queue.o
 .text.xQueueIsQueueEmptyFromISR
                0x00000000        0xa ./src/queue.o
 .text.xQueueIsQueueFullFromISR
                0x00000000        0xc ./src/queue.o
 .debug_info    0x00000000     0x1dd7 ./src/queue.o
 .debug_abbrev  0x00000000      0x3cf ./src/queue.o
 .debug_loc     0x00000000      0xda5 ./src/queue.o
 .debug_aranges
                0x00000000       0xb8 ./src/queue.o
 .debug_ranges  0x00000000      0x1f8 ./src/queue.o
 .debug_line    0x00000000      0x5ab ./src/queue.o
 .debug_str     0x00000000      0xc07 ./src/queue.o
 .comment       0x00000000       0x7f ./src/queue.o
 .debug_frame   0x00000000      0x264 ./src/queue.o
 .ARM.attributes
                0x00000000       0x33 ./src/queue.o
 .text          0x00000000        0x0 ./src/stream_buffer.o
 .data          0x00000000        0x0 ./src/stream_buffer.o
 .bss           0x00000000        0x0 ./src/stream_buffer.o
 .text.prvBytesInBuffer
                0x00000000       0x12 ./src/stream_buffer.o
 .text.prvWriteBytesToBuffer
                0x00000000       0x3e ./src/stream_buffer.o
 .text.prvWriteMessageToBuffer
                0x00000000       0x46 ./src/stream_buffer.o
 .text.prvReadBytesFromBuffer
                0x00000000       0x40 ./src/stream_buffer.o
 .text.prvReadMessageFromBuffer
                0x00000000       0x44 ./src/stream_buffer.o
 .text.xStreamBufferGenericCreate
                0x00000000       0x42 ./src/stream_buffer.o
 .text.vStreamBufferDelete
                0x00000000       0x12 ./src/stream_buffer.o
 .text.xStreamBufferReset
                0x00000000       0x42 ./src/stream_buffer.o
 .text.xStreamBufferSetTriggerLevel
                0x00000000       0x14 ./src/stream_buffer.o
 .text.xStreamBufferSpacesAvailable
                0x00000000       0x1e ./src/stream_buffer.o
 .text.xStreamBufferBytesAvailable
                0x00000000        0x4 ./src/stream_buffer.o
 .text.xStreamBufferSend
                0x00000000       0xd6 ./src/stream_buffer.o
 .text.xStreamBufferSendFromISR
                0x00000000       0x72 ./src/stream_buffer.o
 .text.xStreamBufferReceive
                0x00000000       0x9a ./src/stream_buffer.o
 .text.xStreamBufferNextMessageLengthBytes
                0x00000000       0x2a ./src/stream_buffer.o
 .text.xStreamBufferReceiveFromISR
                0x00000000       0x66 ./src/stream_buffer.o
 .text.xStreamBufferIsEmpty
                0x00000000        0xc ./src/stream_buffer.o
 .text.xStreamBufferIsFull
                0x00000000       0x1c ./src/stream_buffer.o
 .text.xStreamBufferSendCompletedFromISR
                0x00000000       0x3a ./src/stream_buffer.o
 .text.xStreamBufferReceiveCompletedFromISR
                0x00000000       0x3a ./src/stream_buffer.o
 .debug_info    0x00000000     0x1b1d ./src/stream_buffer.o
 .debug_abbrev  0x00000000      0x357 ./src/stream_buffer.o
 .debug_loc     0x00000000      0xf7c ./src/stream_buffer.o
 .debug_aranges
                0x00000000       0xb8 ./src/stream_buffer.o
 .debug_ranges  0x00000000       0xc8 ./src/stream_buffer.o
 .debug_line    0x00000000      0x53f ./src/stream_buffer.o
 .debug_str     0x00000000      0xc96 ./src/stream_buffer.o
 .comment       0x00000000       0x7f ./src/stream_buffer.o
 .debug_frame   0x00000000      0x254 ./src/stream_buffer.o
 .ARM.attributes
                0x00000000       0x33 ./src/stream_buffer.o
 .text          0x00000000        0x0 ./src/tasks.o
 .data          0x00000000        0x0 ./src/tasks.o
 .bss           0x00000000        0x0 ./src/tasks.o
 .text.prvAddCurrentTaskToDelayedList
                0x00000000       0xa4 ./src/tasks.o
 .text.prvResetNextTaskUnblockTime
                0x00000000       0x24 ./src/tasks.o
 .text.prvIdleTask
                0x00000000       0x6c ./src/tasks.o
 .text.xTaskCreate
                0x00000000      0x1d8 ./src/tasks.o
 .text.vTaskDelete
                0x00000000       0xc4 ./src/tasks.o
 .text.uxTaskPriorityGet
                0x00000000       0x1c ./src/tasks.o
 .text.uxTaskPriorityGetFromISR
                0x00000000       0x28 ./src/tasks.o
 .text.vTaskPrioritySet
                0x00000000       0xd0 ./src/tasks.o
 .text.vTaskResume
                0x00000000       0xa0 ./src/tasks.o
 .text.xTaskResumeFromISR
                0x00000000       0xb4 ./src/tasks.o
 .text.vTaskStartScheduler
                0x00000000       0x64 ./src/tasks.o
 .text.vTaskEndScheduler
                0x00000000       0x20 ./src/tasks.o
 .text.vTaskSuspendAll
                0x00000000       0x10 ./src/tasks.o
 .text.xTaskGetTickCount
                0x00000000        0xc ./src/tasks.o
 .text.xTaskGetTickCountFromISR
                0x00000000        0xc ./src/tasks.o
 .text.uxTaskGetNumberOfTasks
                0x00000000        0xc ./src/tasks.o
 .text.pcTaskGetName
                0x00000000       0x10 ./src/tasks.o
 .text.xTaskIncrementTick
                0x00000000      0x160 ./src/tasks.o
 .text.xTaskResumeAll
                0x00000000      0x12c ./src/tasks.o
 .text.xTaskDelayUntil
                0x00000000       0x58 ./src/tasks.o
 .text.vTaskDelay
                0x00000000       0x30 ./src/tasks.o
 .text.xTaskCatchUpTicks
                0x00000000       0x24 ./src/tasks.o
 .text.vTaskSwitchContext
                0x00000000       0x60 ./src/tasks.o
 .text.vTaskSuspend
                0x00000000       0xbc ./src/tasks.o
 .text.vTaskPlaceOnEventList
                0x00000000       0x20 ./src/tasks.o
 .text.vTaskPlaceOnUnorderedEventList
                0x00000000       0x40 ./src/tasks.o
 .text.xTaskRemoveFromEventList
                0x00000000       0xc0 ./src/tasks.o
 .text.vTaskRemoveFromUnorderedEventList
                0x00000000       0x98 ./src/tasks.o
 .text.vTaskSetTimeOutState
                0x00000000       0x24 ./src/tasks.o
 .text.vTaskInternalSetTimeOutState
                0x00000000       0x18 ./src/tasks.o
 .text.xTaskCheckForTimeOut
                0x00000000       0x50 ./src/tasks.o
 .text.vTaskMissedYield
                0x00000000        0xc ./src/tasks.o
 .text.xTaskGetCurrentTaskHandle
                0x00000000        0xc ./src/tasks.o
 .text.uxTaskResetEventItemValue
                0x00000000       0x18 ./src/tasks.o
 .text.ulTaskGenericNotifyTake
                0x00000000       0x84 ./src/tasks.o
 .text.xTaskGenericNotifyWait
                0x00000000       0xac ./src/tasks.o
 .text.xTaskGenericNotify
                0x00000000       0xf4 ./src/tasks.o
 .text.xTaskGenericNotifyFromISR
                0x00000000      0x128 ./src/tasks.o
 .text.vTaskGenericNotifyGiveFromISR
                0x00000000       0xd8 ./src/tasks.o
 .text.xTaskGenericNotifyStateClear
                0x00000000       0x30 ./src/tasks.o
 .text.ulTaskGenericNotifyValueClear
                0x00000000       0x2c ./src/tasks.o
 .bss.pxCurrentTCB
                0x00000000        0x4 ./src/tasks.o
 .bss.pxDelayedTaskList
                0x00000000        0x4 ./src/tasks.o
 .bss.pxOverflowDelayedTaskList
                0x00000000        0x4 ./src/tasks.o
 .bss.pxReadyTasksLists
                0x00000000       0x64 ./src/tasks.o
 .bss.uxCurrentNumberOfTasks
                0x00000000        0x4 ./src/tasks.o
 .bss.uxDeletedTasksWaitingCleanUp
                0x00000000        0x4 ./src/tasks.o
 .bss.uxSchedulerSuspended
                0x00000000        0x4 ./src/tasks.o
 .bss.uxTaskNumber
                0x00000000        0x4 ./src/tasks.o
 .bss.uxTopReadyPriority
                0x00000000        0x4 ./src/tasks.o
 .bss.xDelayedTaskList1
                0x00000000       0x14 ./src/tasks.o
 .bss.xDelayedTaskList2
                0x00000000       0x14 ./src/tasks.o
 .bss.xIdleTaskHandle
                0x00000000        0x4 ./src/tasks.o
 .bss.xNextTaskUnblockTime
                0x00000000        0x4 ./src/tasks.o
 .bss.xNumOfOverflows
                0x00000000        0x4 ./src/tasks.o
 .bss.xPendedTicks
                0x00000000        0x4 ./src/tasks.o
 .bss.xPendingReadyList
                0x00000000       0x14 ./src/tasks.o
 .bss.xSchedulerRunning
                0x00000000        0x4 ./src/tasks.o
 .bss.xSuspendedTaskList
                0x00000000       0x14 ./src/tasks.o
 .bss.xTasksWaitingTermination
                0x00000000       0x14 ./src/tasks.o
 .bss.xTickCount
                0x00000000        0x4 ./src/tasks.o
 .bss.xYieldPending
                0x00000000        0x4 ./src/tasks.o
 .data.uxTopUsedPriority
                0x00000000        0x4 ./src/tasks.o
 .rodata.vTaskStartScheduler.str1.1
                0x00000000        0x5 ./src/tasks.o
 .debug_info    0x00000000     0x2881 ./src/tasks.o
 .debug_abbrev  0x00000000      0x4cd ./src/tasks.o
 .debug_loc     0x00000000     0x16f8 ./src/tasks.o
 .debug_aranges
                0x00000000      0x158 ./src/tasks.o
 .debug_ranges  0x00000000      0x388 ./src/tasks.o
 .debug_line    0x00000000      0x932 ./src/tasks.o
 .debug_str     0x00000000     0x1213 ./src/tasks.o
 .comment       0x00000000       0x7f ./src/tasks.o
 .debug_frame   0x00000000      0x470 ./src/tasks.o
 .ARM.attributes
                0x00000000       0x33 ./src/tasks.o
 .text          0x00000000        0x0 ./src/timers.o
 .data          0x00000000        0x0 ./src/timers.o
 .bss           0x00000000        0x0 ./src/timers.o
 .debug_info    0x00000000      0x898 ./src/timers.o
 .debug_abbrev  0x00000000      0x18b ./src/timers.o
 .debug_aranges
                0x00000000       0x18 ./src/timers.o
 .debug_line    0x00000000      0x14f ./src/timers.o
 .debug_str     0x00000000      0x573 ./src/timers.o
 .comment       0x00000000       0x7f ./src/timers.o
 .ARM.attributes
                0x00000000       0x33 ./src/timers.o
 .text          0x00000000        0x0 d:/emcaddad imt/01- tools/imt_sdk_win_64/winarm/armgcc/bin/../lib/gcc/arm-none-eabi/7.2.1/../../../../arm-none-eabi/lib/thumb/v7-m\libg_nano.a(lib_a-errno.o)
 .data          0x00000000        0x0 d:/emcaddad imt/01- tools/imt_sdk_win_64/winarm/armgcc/bin/../lib/gcc/arm-none-eabi/7.2.1/../../../../arm-none-eabi/lib/thumb/v7-m\libg_nano.a(lib_a-errno.o)
 .bss           0x00000000        0x0 d:/emcaddad imt/01- tools/imt_sdk_win_64/winarm/armgcc/bin/../lib/gcc/arm-none-eabi/7.2.1/../../../../arm-none-eabi/lib/thumb/v7-m\libg_nano.a(lib_a-errno.o)
 .text.__errno  0x00000000        0xc d:/emcaddad imt/01- tools/imt_sdk_win_64/winarm/armgcc/bin/../lib/gcc/arm-none-eabi/7.2.1/../../../../arm-none-eabi/lib/thumb/v7-m\libg_nano.a(lib_a-errno.o)
 .debug_frame   0x00000000       0x20 d:/emcaddad imt/01- tools/imt_sdk_win_64/winarm/armgcc/bin/../lib/gcc/arm-none-eabi/7.2.1/../../../../arm-none-eabi/lib/thumb/v7-m\libg_nano.a(lib_a-errno.o)
 .ARM.attributes
                0x00000000       0x2d d:/emcaddad imt/01- tools/imt_sdk_win_64/winarm/armgcc/bin/../lib/gcc/arm-none-eabi/7.2.1/../../../../arm-none-eabi/lib/thumb/v7-m\libg_nano.a(lib_a-errno.o)
 .text          0x00000000        0x0 d:/emcaddad imt/01- tools/imt_sdk_win_64/winarm/armgcc/bin/../lib/gcc/arm-none-eabi/7.2.1/../../../../arm-none-eabi/lib/thumb/v7-m\libg_nano.a(lib_a-impure.o)
 .data          0x00000000        0x0 d:/emcaddad imt/01- tools/imt_sdk_win_64/winarm/armgcc/bin/../lib/gcc/arm-none-eabi/7.2.1/../../../../arm-none-eabi/lib/thumb/v7-m\libg_nano.a(lib_a-impure.o)
 .bss           0x00000000        0x0 d:/emcaddad imt/01- tools/imt_sdk_win_64/winarm/armgcc/bin/../lib/gcc/arm-none-eabi/7.2.1/../../../../arm-none-eabi/lib/thumb/v7-m\libg_nano.a(lib_a-impure.o)
 .data._impure_ptr
                0x00000000        0x4 d:/emcaddad imt/01- tools/imt_sdk_win_64/winarm/armgcc/bin/../lib/gcc/arm-none-eabi/7.2.1/../../../../arm-none-eabi/lib/thumb/v7-m\libg_nano.a(lib_a-impure.o)
 .data.impure_data
                0x00000000       0x60 d:/emcaddad imt/01- tools/imt_sdk_win_64/winarm/armgcc/bin/../lib/gcc/arm-none-eabi/7.2.1/../../../../arm-none-eabi/lib/thumb/v7-m\libg_nano.a(lib_a-impure.o)
 .rodata._global_impure_ptr
                0x00000000        0x4 d:/emcaddad imt/01- tools/imt_sdk_win_64/winarm/armgcc/bin/../lib/gcc/arm-none-eabi/7.2.1/../../../../arm-none-eabi/lib/thumb/v7-m\libg_nano.a(lib_a-impure.o)
 .ARM.attributes
                0x00000000       0x2d d:/emcaddad imt/01- tools/imt_sdk_win_64/winarm/armgcc/bin/../lib/gcc/arm-none-eabi/7.2.1/../../../../arm-none-eabi/lib/thumb/v7-m\libg_nano.a(lib_a-impure.o)
 .text          0x00000000        0x0 d:/emcaddad imt/01- tools/imt_sdk_win_64/winarm/armgcc/bin/../lib/gcc/arm-none-eabi/7.2.1/../../../../arm-none-eabi/lib/thumb/v7-m\libg_nano.a(lib_a-malloc.o)
 .data          0x00000000        0x0 d:/emcaddad imt/01- tools/imt_sdk_win_64/winarm/armgcc/bin/../lib/gcc/arm-none-eabi/7.2.1/../../../../arm-none-eabi/lib/thumb/v7-m\libg_nano.a(lib_a-malloc.o)
 .bss           0x00000000        0x0 d:/emcaddad imt/01- tools/imt_sdk_win_64/winarm/armgcc/bin/../lib/gcc/arm-none-eabi/7.2.1/../../../../arm-none-eabi/lib/thumb/v7-m\libg_nano.a(lib_a-malloc.o)
 .text.malloc   0x00000000       0x10 d:/emcaddad imt/01- tools/imt_sdk_win_64/winarm/armgcc/bin/../lib/gcc/arm-none-eabi/7.2.1/../../../../arm-none-eabi/lib/thumb/v7-m\libg_nano.a(lib_a-malloc.o)
 .text.free     0x00000000       0x10 d:/emcaddad imt/01- tools/imt_sdk_win_64/winarm/armgcc/bin/../lib/gcc/arm-none-eabi/7.2.1/../../../../arm-none-eabi/lib/thumb/v7-m\libg_nano.a(lib_a-malloc.o)
 .debug_frame   0x00000000       0x30 d:/emcaddad imt/01- tools/imt_sdk_win_64/winarm/armgcc/bin/../lib/gcc/arm-none-eabi/7.2.1/../../../../arm-none-eabi/lib/thumb/v7-m\libg_nano.a(lib_a-malloc.o)
 .ARM.attributes
                0x00000000       0x2d d:/emcaddad imt/01- tools/imt_sdk_win_64/winarm/armgcc/bin/../lib/gcc/arm-none-eabi/7.2.1/../../../../arm-none-eabi/lib/thumb/v7-m\libg_nano.a(lib_a-malloc.o)
 .text          0x00000000        0x0 d:/emcaddad imt/01- tools/imt_sdk_win_64/winarm/armgcc/bin/../lib/gcc/arm-none-eabi/7.2.1/../../../../arm-none-eabi/lib/thumb/v7-m\libg_nano.a(lib_a-memcpy-stub.o)
 .data          0x00000000        0x0 d:/emcaddad imt/01- tools/imt_sdk_win_64/winarm/armgcc/bin/../lib/gcc/arm-none-eabi/7.2.1/../../../../arm-none-eabi/lib/thumb/v7-m\libg_nano.a(lib_a-memcpy-stub.o)
 .bss           0x00000000        0x0 d:/emcaddad imt/01- tools/imt_sdk_win_64/winarm/armgcc/bin/../lib/gcc/arm-none-eabi/7.2.1/../../../../arm-none-eabi/lib/thumb/v7-m\libg_nano.a(lib_a-memcpy-stub.o)
 .text.memcpy   0x00000000       0x16 d:/emcaddad imt/01- tools/imt_sdk_win_64/winarm/armgcc/bin/../lib/gcc/arm-none-eabi/7.2.1/../../../../arm-none-eabi/lib/thumb/v7-m\libg_nano.a(lib_a-memcpy-stub.o)
 .debug_frame   0x00000000       0x28 d:/emcaddad imt/01- tools/imt_sdk_win_64/winarm/armgcc/bin/../lib/gcc/arm-none-eabi/7.2.1/../../../../arm-none-eabi/lib/thumb/v7-m\libg_nano.a(lib_a-memcpy-stub.o)
 .ARM.attributes
                0x00000000       0x2d d:/emcaddad imt/01- tools/imt_sdk_win_64/winarm/armgcc/bin/../lib/gcc/arm-none-eabi/7.2.1/../../../../arm-none-eabi/lib/thumb/v7-m\libg_nano.a(lib_a-memcpy-stub.o)
 .text          0x00000000        0x0 d:/emcaddad imt/01- tools/imt_sdk_win_64/winarm/armgcc/bin/../lib/gcc/arm-none-eabi/7.2.1/../../../../arm-none-eabi/lib/thumb/v7-m\libg_nano.a(lib_a-memset.o)
 .data          0x00000000        0x0 d:/emcaddad imt/01- tools/imt_sdk_win_64/winarm/armgcc/bin/../lib/gcc/arm-none-eabi/7.2.1/../../../../arm-none-eabi/lib/thumb/v7-m\libg_nano.a(lib_a-memset.o)
 .bss           0x00000000        0x0 d:/emcaddad imt/01- tools/imt_sdk_win_64/winarm/armgcc/bin/../lib/gcc/arm-none-eabi/7.2.1/../../../../arm-none-eabi/lib/thumb/v7-m\libg_nano.a(lib_a-memset.o)
 .text.memset   0x00000000       0x10 d:/emcaddad imt/01- tools/imt_sdk_win_64/winarm/armgcc/bin/../lib/gcc/arm-none-eabi/7.2.1/../../../../arm-none-eabi/lib/thumb/v7-m\libg_nano.a(lib_a-memset.o)
 .debug_frame   0x00000000       0x20 d:/emcaddad imt/01- tools/imt_sdk_win_64/winarm/armgcc/bin/../lib/gcc/arm-none-eabi/7.2.1/../../../../arm-none-eabi/lib/thumb/v7-m\libg_nano.a(lib_a-memset.o)
 .ARM.attributes
                0x00000000       0x2d d:/emcaddad imt/01- tools/imt_sdk_win_64/winarm/armgcc/bin/../lib/gcc/arm-none-eabi/7.2.1/../../../../arm-none-eabi/lib/thumb/v7-m\libg_nano.a(lib_a-memset.o)
 .text          0x00000000        0x0 d:/emcaddad imt/01- tools/imt_sdk_win_64/winarm/armgcc/bin/../lib/gcc/arm-none-eabi/7.2.1/../../../../arm-none-eabi/lib/thumb/v7-m\libg_nano.a(lib_a-nano-freer.o)
 .data          0x00000000        0x0 d:/emcaddad imt/01- tools/imt_sdk_win_64/winarm/armgcc/bin/../lib/gcc/arm-none-eabi/7.2.1/../../../../arm-none-eabi/lib/thumb/v7-m\libg_nano.a(lib_a-nano-freer.o)
 .bss           0x00000000        0x0 d:/emcaddad imt/01- tools/imt_sdk_win_64/winarm/armgcc/bin/../lib/gcc/arm-none-eabi/7.2.1/../../../../arm-none-eabi/lib/thumb/v7-m\libg_nano.a(lib_a-nano-freer.o)
 .text._free_r  0x00000000       0x98 d:/emcaddad imt/01- tools/imt_sdk_win_64/winarm/armgcc/bin/../lib/gcc/arm-none-eabi/7.2.1/../../../../arm-none-eabi/lib/thumb/v7-m\libg_nano.a(lib_a-nano-freer.o)
 .debug_frame   0x00000000       0x38 d:/emcaddad imt/01- tools/imt_sdk_win_64/winarm/armgcc/bin/../lib/gcc/arm-none-eabi/7.2.1/../../../../arm-none-eabi/lib/thumb/v7-m\libg_nano.a(lib_a-nano-freer.o)
 .ARM.attributes
                0x00000000       0x2d d:/emcaddad imt/01- tools/imt_sdk_win_64/winarm/armgcc/bin/../lib/gcc/arm-none-eabi/7.2.1/../../../../arm-none-eabi/lib/thumb/v7-m\libg_nano.a(lib_a-nano-freer.o)
 .text          0x00000000        0x0 d:/emcaddad imt/01- tools/imt_sdk_win_64/winarm/armgcc/bin/../lib/gcc/arm-none-eabi/7.2.1/../../../../arm-none-eabi/lib/thumb/v7-m\libg_nano.a(lib_a-nano-mallocr.o)
 .data          0x00000000        0x0 d:/emcaddad imt/01- tools/imt_sdk_win_64/winarm/armgcc/bin/../lib/gcc/arm-none-eabi/7.2.1/../../../../arm-none-eabi/lib/thumb/v7-m\libg_nano.a(lib_a-nano-mallocr.o)
 .bss           0x00000000        0x0 d:/emcaddad imt/01- tools/imt_sdk_win_64/winarm/armgcc/bin/../lib/gcc/arm-none-eabi/7.2.1/../../../../arm-none-eabi/lib/thumb/v7-m\libg_nano.a(lib_a-nano-mallocr.o)
 .text._malloc_r
                0x00000000       0xb4 d:/emcaddad imt/01- tools/imt_sdk_win_64/winarm/armgcc/bin/../lib/gcc/arm-none-eabi/7.2.1/../../../../arm-none-eabi/lib/thumb/v7-m\libg_nano.a(lib_a-nano-mallocr.o)
 .bss.__malloc_free_list
                0x00000000        0x4 d:/emcaddad imt/01- tools/imt_sdk_win_64/winarm/armgcc/bin/../lib/gcc/arm-none-eabi/7.2.1/../../../../arm-none-eabi/lib/thumb/v7-m\libg_nano.a(lib_a-nano-mallocr.o)
 .bss.__malloc_sbrk_start
                0x00000000        0x4 d:/emcaddad imt/01- tools/imt_sdk_win_64/winarm/armgcc/bin/../lib/gcc/arm-none-eabi/7.2.1/../../../../arm-none-eabi/lib/thumb/v7-m\libg_nano.a(lib_a-nano-mallocr.o)
 .debug_frame   0x00000000       0x2c d:/emcaddad imt/01- tools/imt_sdk_win_64/winarm/armgcc/bin/../lib/gcc/arm-none-eabi/7.2.1/../../../../arm-none-eabi/lib/thumb/v7-m\libg_nano.a(lib_a-nano-mallocr.o)
 .ARM.attributes
                0x00000000       0x2d d:/emcaddad imt/01- tools/imt_sdk_win_64/winarm/armgcc/bin/../lib/gcc/arm-none-eabi/7.2.1/../../../../arm-none-eabi/lib/thumb/v7-m\libg_nano.a(lib_a-nano-mallocr.o)
 .text          0x00000000        0x0 d:/emcaddad imt/01- tools/imt_sdk_win_64/winarm/armgcc/bin/../lib/gcc/arm-none-eabi/7.2.1/../../../../arm-none-eabi/lib/thumb/v7-m\libg_nano.a(lib_a-sbrkr.o)
 .data          0x00000000        0x0 d:/emcaddad imt/01- tools/imt_sdk_win_64/winarm/armgcc/bin/../lib/gcc/arm-none-eabi/7.2.1/../../../../arm-none-eabi/lib/thumb/v7-m\libg_nano.a(lib_a-sbrkr.o)
 .bss           0x00000000        0x0 d:/emcaddad imt/01- tools/imt_sdk_win_64/winarm/armgcc/bin/../lib/gcc/arm-none-eabi/7.2.1/../../../../arm-none-eabi/lib/thumb/v7-m\libg_nano.a(lib_a-sbrkr.o)
 .text._sbrk_r  0x00000000       0x20 d:/emcaddad imt/01- tools/imt_sdk_win_64/winarm/armgcc/bin/../lib/gcc/arm-none-eabi/7.2.1/../../../../arm-none-eabi/lib/thumb/v7-m\libg_nano.a(lib_a-sbrkr.o)
 .debug_frame   0x00000000       0x2c d:/emcaddad imt/01- tools/imt_sdk_win_64/winarm/armgcc/bin/../lib/gcc/arm-none-eabi/7.2.1/../../../../arm-none-eabi/lib/thumb/v7-m\libg_nano.a(lib_a-sbrkr.o)
 .ARM.attributes
                0x00000000       0x2d d:/emcaddad imt/01- tools/imt_sdk_win_64/winarm/armgcc/bin/../lib/gcc/arm-none-eabi/7.2.1/../../../../arm-none-eabi/lib/thumb/v7-m\libg_nano.a(lib_a-sbrkr.o)
 .text          0x00000000        0x0 d:/emcaddad imt/01- tools/imt_sdk_win_64/winarm/armgcc/bin/../lib/gcc/arm-none-eabi/7.2.1/../../../../arm-none-eabi/lib/thumb/v7-m\libg_nano.a(lib_a-mlock.o)
 .data          0x00000000        0x0 d:/emcaddad imt/01- tools/imt_sdk_win_64/winarm/armgcc/bin/../lib/gcc/arm-none-eabi/7.2.1/../../../../arm-none-eabi/lib/thumb/v7-m\libg_nano.a(lib_a-mlock.o)
 .bss           0x00000000        0x0 d:/emcaddad imt/01- tools/imt_sdk_win_64/winarm/armgcc/bin/../lib/gcc/arm-none-eabi/7.2.1/../../../../arm-none-eabi/lib/thumb/v7-m\libg_nano.a(lib_a-mlock.o)
 .text.__malloc_lock
                0x00000000        0x2 d:/emcaddad imt/01- tools/imt_sdk_win_64/winarm/armgcc/bin/../lib/gcc/arm-none-eabi/7.2.1/../../../../arm-none-eabi/lib/thumb/v7-m\libg_nano.a(lib_a-mlock.o)
 .text.__malloc_unlock
                0x00000000        0x2 d:/emcaddad imt/01- tools/imt_sdk_win_64/winarm/armgcc/bin/../lib/gcc/arm-none-eabi/7.2.1/../../../../arm-none-eabi/lib/thumb/v7-m\libg_nano.a(lib_a-mlock.o)
 .debug_frame   0x00000000       0x30 d:/emcaddad imt/01- tools/imt_sdk_win_64/winarm/armgcc/bin/../lib/gcc/arm-none-eabi/7.2.1/../../../../arm-none-eabi/lib/thumb/v7-m\libg_nano.a(lib_a-mlock.o)
 .ARM.attributes
                0x00000000       0x2d d:/emcaddad imt/01- tools/imt_sdk_win_64/winarm/armgcc/bin/../lib/gcc/arm-none-eabi/7.2.1/../../../../arm-none-eabi/lib/thumb/v7-m\libg_nano.a(lib_a-mlock.o)

Memory Configuration

Name             Origin             Length             Attributes
RAM              0x20000000         0x00005000         xrw
CCMRAM           0x00000000         0x00000000         xrw
FLASH            0x08000000         0x00010000         xr
FLASHB1          0x00000000         0x00000000         xr
EXTMEMB0         0x00000000         0x00000000         xr
EXTMEMB1         0x00000000         0x00000000         xr
EXTMEMB2         0x00000000         0x00000000         xr
EXTMEMB3         0x00000000         0x00000000         xr
MEMORY_ARRAY     0x00000000         0x00000000         xrw
*default*        0x00000000         0xffffffff

Linker script and memory map

LOAD ./system/src/stm32f1-stdperiph/misc.o
LOAD ./system/src/stm32f1-stdperiph/stm32f10x_gpio.o
LOAD ./system/src/stm32f1-stdperiph/stm32f10x_rcc.o
LOAD ./system/src/newlib/_cxx.o
LOAD ./system/src/newlib/_exit.o
LOAD ./system/src/newlib/_sbrk.o
LOAD ./system/src/newlib/_startup.o
LOAD ./system/src/newlib/_syscalls.o
LOAD ./system/src/newlib/assert.o
LOAD ./system/src/diag/Trace.o
LOAD ./system/src/diag/trace_impl.o
LOAD ./system/src/cortexm/_initialize_hardware.o
LOAD ./system/src/cortexm/_reset_hardware.o
LOAD ./system/src/cortexm/exception_handlers.o
LOAD ./system/src/cmsis/system_stm32f10x.o
LOAD ./system/src/cmsis/vectors_stm32f10x.o
LOAD ./src/MCAL/SYSTICK/SYSTICK_pro.o
LOAD ./src/MCAL/RCC/RCC_pro.o
LOAD ./src/MCAL/NVIC/NVIC_pro.o
LOAD ./src/MCAL/GPIO/GPIO_pro.o
LOAD ./src/MCAL/EXTI/EXTI_pro.o
LOAD ./src/HAL/S2P/S2P_pro.o
LOAD ./src/HAL/LED_MATRIX/LED_MATRIX_pro.o
LOAD ./src/_write.o
LOAD ./src/croutine.o
LOAD ./src/event_groups.o
LOAD ./src/heap_1.o
LOAD ./src/heap_2.o
LOAD ./src/heap_3.o
LOAD ./src/heap_4.o
LOAD ./src/heap_5.o
LOAD ./src/list.o
LOAD ./src/main.o
LOAD ./src/port.o
LOAD ./src/queue.o
LOAD ./src/stream_buffer.o
LOAD ./src/tasks.o
LOAD ./src/timers.o
LOAD d:/emcaddad imt/01- tools/imt_sdk_win_64/winarm/armgcc/bin/../lib/gcc/arm-none-eabi/7.2.1/../../../../arm-none-eabi/lib/thumb/v7-m\libstdc++_nano.a
LOAD d:/emcaddad imt/01- tools/imt_sdk_win_64/winarm/armgcc/bin/../lib/gcc/arm-none-eabi/7.2.1/../../../../arm-none-eabi/lib/thumb/v7-m\libm.a
START GROUP
LOAD d:/emcaddad imt/01- tools/imt_sdk_win_64/winarm/armgcc/bin/../lib/gcc/arm-none-eabi/7.2.1/thumb/v7-m\libgcc.a
LOAD d:/emcaddad imt/01- tools/imt_sdk_win_64/winarm/armgcc/bin/../lib/gcc/arm-none-eabi/7.2.1/../../../../arm-none-eabi/lib/thumb/v7-m\libg_nano.a
LOAD d:/emcaddad imt/01- tools/imt_sdk_win_64/winarm/armgcc/bin/../lib/gcc/arm-none-eabi/7.2.1/../../../../arm-none-eabi/lib/thumb/v7-m\libc_nano.a
END GROUP
START GROUP
LOAD d:/emcaddad imt/01- tools/imt_sdk_win_64/winarm/armgcc/bin/../lib/gcc/arm-none-eabi/7.2.1/thumb/v7-m\libgcc.a
LOAD d:/emcaddad imt/01- tools/imt_sdk_win_64/winarm/armgcc/bin/../lib/gcc/arm-none-eabi/7.2.1/../../../../arm-none-eabi/lib/thumb/v7-m\libc_nano.a
END GROUP
                0x20005000                __stack = (ORIGIN (RAM) + LENGTH (RAM))
                0x20005000                _estack = __stack
                0x00000400                __Main_Stack_Size = 0x400
                [!provide]                PROVIDE (_Main_Stack_Size, __Main_Stack_Size)
                0x20004c00                __Main_Stack_Limit = (__stack - __Main_Stack_Size)
                [!provide]                PROVIDE (_Main_Stack_Limit, __Main_Stack_Limit)
                0x00000100                _Minimum_Stack_Size = 0x100
                0x20000068                PROVIDE (_Heap_Begin, _end_noinit)
                0x20004c00                PROVIDE (_Heap_Limit, (__stack - __Main_Stack_Size))

.isr_vector     0x08000000      0x22a
 FILL mask 0xff
                0x08000000                __vectors_start = ABSOLUTE (.)
                0x08000000                __vectors_start__ = ABSOLUTE (.)
 *(.isr_vector)
 .isr_vector    0x08000000      0x10c ./system/src/cmsis/vectors_stm32f10x.o
                0x08000000                __isr_vectors
 *(.cfmconfig)
 *(.after_vectors .after_vectors.*)
 .after_vectors
                0x0800010c       0xb8 ./system/src/newlib/_startup.o
                0x0800010c                _start
 .after_vectors
                0x080001c4       0x64 ./system/src/cortexm/exception_handlers.o
                0x080001c4                Reset_Handler
                0x080001c8                NMI_Handler
                0x080001ca                HardFault_Handler
                0x080001de                HardFault_Handler_C
                0x080001e0                MemManage_Handler
                0x080001e2                BusFault_Handler
                0x080001f6                BusFault_Handler_C
                0x080001f8                UsageFault_Handler
                0x0800020c                UsageFault_Handler_C
                0x0800020e                SVC_Handler
                0x08000210                DebugMon_Handler
                0x08000212                PendSV_Handler
 .after_vectors
                0x08000228        0x2 ./system/src/cmsis/vectors_stm32f10x.o
                0x08000228                EXTI2_IRQHandler
                0x08000228                TIM8_TRG_COM_IRQHandler
                0x08000228                TIM8_CC_IRQHandler
                0x08000228                TIM1_CC_IRQHandler
                0x08000228                TIM6_IRQHandler
                0x08000228                PVD_IRQHandler
                0x08000228                SDIO_IRQHandler
                0x08000228                CAN2_RX1_IRQHandler
                0x08000228                EXTI3_IRQHandler
                0x08000228                TIM8_TRG_COM_TIM14_IRQHandler
                0x08000228                TIM1_UP_TIM10_IRQHandler
                0x08000228                TIM8_UP_TIM13_IRQHandler
                0x08000228                I2C2_EV_IRQHandler
                0x08000228                CAN1_RX0_IRQHandler
                0x08000228                TIM1_UP_TIM16_IRQHandler
                0x08000228                CAN2_SCE_IRQHandler
                0x08000228                ADC1_2_IRQHandler
                0x08000228                SPI1_IRQHandler
                0x08000228                TAMPER_IRQHandler
                0x08000228                TIM6_DAC_IRQHandler
                0x08000228                TIM1_BRK_TIM9_IRQHandler
                0x08000228                CAN2_RX0_IRQHandler
                0x08000228                TIM8_UP_IRQHandler
                0x08000228                DMA2_Channel2_IRQHandler
                0x08000228                DMA1_Channel4_IRQHandler
                0x08000228                USART3_IRQHandler
                0x08000228                RTC_IRQHandler
                0x08000228                DMA1_Channel7_IRQHandler
                0x08000228                CAN1_RX1_IRQHandler
                0x08000228                UART5_IRQHandler
                0x08000228                ADC3_IRQHandler
                0x08000228                TIM4_IRQHandler
                0x08000228                DMA2_Channel1_IRQHandler
                0x08000228                I2C1_EV_IRQHandler
                0x08000228                DMA1_Channel6_IRQHandler
                0x08000228                UART4_IRQHandler
                0x08000228                DMA2_Channel4_IRQHandler
                0x08000228                TIM3_IRQHandler
                0x08000228                RCC_IRQHandler
                0x08000228                TIM8_BRK_TIM12_IRQHandler
                0x08000228                TIM1_TRG_COM_IRQHandler
                0x08000228                DMA1_Channel1_IRQHandler
                0x08000228                Default_Handler
                0x08000228                CEC_IRQHandler
                0x08000228                EXTI15_10_IRQHandler
                0x08000228                TIM14_IRQHandler
                0x08000228                TIM13_IRQHandler
                0x08000228                TIM12_IRQHandler
                0x08000228                TIM7_IRQHandler
                0x08000228                CAN2_TX_IRQHandler
                0x08000228                TIM5_IRQHandler
                0x08000228                EXTI9_5_IRQHandler
                0x08000228                ETH_WKUP_IRQHandler
                0x08000228                SPI2_IRQHandler
                0x08000228                CAN1_TX_IRQHandler
                0x08000228                DMA2_Channel5_IRQHandler
                0x08000228                DMA1_Channel5_IRQHandler
                0x08000228                EXTI4_IRQHandler
                0x08000228                USB_LP_CAN1_RX0_IRQHandler
                0x08000228                TIM1_TRG_COM_TIM17_IRQHandler
                0x08000228                USB_HP_CAN1_TX_IRQHandler
                0x08000228                DMA1_Channel3_IRQHandler
                0x08000228                FSMC_IRQHandler
                0x08000228                ETH_IRQHandler
                0x08000228                TIM1_UP_IRQHandler
                0x08000228                WWDG_IRQHandler
                0x08000228                TIM2_IRQHandler
                0x08000228                OTG_FS_WKUP_IRQHandler
                0x08000228                TIM1_TRG_COM_TIM11_IRQHandler
                0x08000228                TIM1_BRK_IRQHandler
                0x08000228                EXTI1_IRQHandler
                0x08000228                RTCAlarm_IRQHandler
                0x08000228                DMA2_Channel4_5_IRQHandler
                0x08000228                USART2_IRQHandler
                0x08000228                I2C2_ER_IRQHandler
                0x08000228                DMA1_Channel2_IRQHandler
                0x08000228                TIM8_BRK_IRQHandler
                0x08000228                CAN1_SCE_IRQHandler
                0x08000228                FLASH_IRQHandler
                0x08000228                USART1_IRQHandler
                0x08000228                OTG_FS_IRQHandler
                0x08000228                SPI3_IRQHandler
                0x08000228                I2C1_ER_IRQHandler
                0x08000228                USBWakeUp_IRQHandler
                0x08000228                DMA2_Channel3_IRQHandler
                0x08000228                TIM1_BRK_TIM15_IRQHandler

.inits          0x0800022c       0x28
                0x0800022c                __data_regions_array_start = .
                0x0800022c        0x4 LONG 0x80004a8 LOADADDR (.data)
                0x08000230        0x4 LONG 0x20000000 ADDR (.data)
                0x08000234        0x4 LONG 0x2000001c (ADDR (.data) + SIZEOF (.data))
                0x08000238        0x4 LONG 0x80004a8 LOADADDR (.data_CCMRAM)
                0x0800023c        0x4 LONG 0x0 ADDR (.data_CCMRAM)
                0x08000240        0x4 LONG 0x0 (ADDR (.data_CCMRAM) + SIZEOF (.data_CCMRAM))
                0x08000244                __data_regions_array_end = .
                0x08000244                __bss_regions_array_start = .
                0x08000244        0x4 LONG 0x2000001c ADDR (.bss)
                0x08000248        0x4 LONG 0x20000068 (ADDR (.bss) + SIZEOF (.bss))
                0x0800024c        0x4 LONG 0x0 ADDR (.bss_CCMRAM)
                0x08000250        0x4 LONG 0x0 (ADDR (.bss_CCMRAM) + SIZEOF (.bss_CCMRAM))
                0x08000254                __bss_regions_array_end = .
 *(.init)
 *(.fini)
                0x08000254                . = ALIGN (0x4)
                0x08000254                PROVIDE (__preinit_array_start, .)
 *(.preinit_array_sysinit .preinit_array_sysinit.*)
 *(.preinit_array_platform .preinit_array_platform.*)
 *(.preinit_array .preinit_array.*)
                0x08000254                PROVIDE (__preinit_array_end, .)
                0x08000254                . = ALIGN (0x4)
                0x08000254                PROVIDE (__init_array_start, .)
 *(SORT_BY_NAME(.init_array.*))
 *(.init_array)
                0x08000254                PROVIDE (__init_array_end, .)
                0x08000254                . = ALIGN (0x4)
                0x08000254                PROVIDE (__fini_array_start, .)
 *(SORT_BY_NAME(.fini_array.*))
 *(.fini_array)
                0x08000254                PROVIDE (__fini_array_end, .)

.flashtext
 *(.flashtext .flashtext.*)

.text           0x08000254      0x254
 *(.text .text.*)
 .text._exit    0x08000254        0x6 ./system/src/newlib/_exit.o
                0x08000254                _exit
 *fill*         0x0800025a        0x2 
 .text.__initialize_args
                0x0800025c       0x10 ./system/src/newlib/_syscalls.o
                0x0800025c                __initialize_args
 .text.__initialize_hardware_early
                0x0800026c       0x18 ./system/src/cortexm/_initialize_hardware.o
                0x0800026c                __initialize_hardware_early
 .text.__initialize_hardware
                0x08000284        0x4 ./system/src/cortexm/_initialize_hardware.o
                0x08000284                __initialize_hardware
 .text.__reset_hardware
                0x08000288       0x24 ./system/src/cortexm/_reset_hardware.o
                0x08000288                __reset_hardware
 .text.SystemInit
                0x080002ac       0xf0 ./system/src/cmsis/system_stm32f10x.o
                0x080002ac                SystemInit
 .text.SystemCoreClockUpdate
                0x0800039c       0x58 ./system/src/cmsis/system_stm32f10x.o
                0x0800039c                SystemCoreClockUpdate
 .text.MSTK_vInit
                0x080003f4        0x2 ./src/MCAL/SYSTICK/SYSTICK_pro.o
                0x080003f4                MSTK_vInit
 *fill*         0x080003f6        0x2 
 .text.SysTick_Handler
                0x080003f8       0x2c ./src/MCAL/SYSTICK/SYSTICK_pro.o
                0x080003f8                SysTick_Handler
 .text.MRCC_vInit
                0x08000424       0x18 ./src/MCAL/RCC/RCC_pro.o
                0x08000424                MRCC_vInit
 .text.MRCC_vEnablClock
                0x0800043c       0x38 ./src/MCAL/RCC/RCC_pro.o
                0x0800043c                MRCC_vEnablClock
 .text.EXTI0_IRQHandler
                0x08000474       0x20 ./src/MCAL/EXTI/EXTI_pro.o
                0x08000474                EXTI0_IRQHandler
 .text.startup.main
                0x08000494       0x14 ./src/main.o
                0x08000494                main
 *(.rodata .rodata.* .constdata .constdata.*)
 *(vtable)
 *(.eh_frame*)
 *(.glue_7)
 .glue_7        0x080004a8        0x0 linker stubs
 *(.glue_7t)
 .glue_7t       0x080004a8        0x0 linker stubs

.vfp11_veneer   0x080004a8        0x0
 .vfp11_veneer  0x080004a8        0x0 linker stubs

.v4_bx          0x080004a8        0x0
 .v4_bx         0x080004a8        0x0 linker stubs

.iplt           0x080004a8        0x0
 .iplt          0x080004a8        0x0 ./system/src/newlib/_exit.o

.rel.dyn        0x080004a8        0x0
 .rel.iplt      0x080004a8        0x0 ./system/src/newlib/_exit.o

.ARM.extab
 *(.ARM.extab* .gnu.linkonce.armextab.*)
                0x080004a8                . = ALIGN (0x4)
                0x080004a8                __exidx_start = .

.ARM.exidx
 *(.ARM.exidx* .gnu.linkonce.armexidx.*)
                0x080004a8                __exidx_end = .
                0x080004a8                . = ALIGN (0x4)
                0x080004a8                _etext = .
                0x080004a8                __etext = .

.data_CCMRAM    0x00000000        0x0 load address 0x080004a8
 FILL mask 0xff
 *(.data.CCMRAM .data.CCMRAM.*)
                0x00000000                . = ALIGN (0x4)
                0x080004a8                _sidata = LOADADDR (.data)

.data           0x20000000       0x1c load address 0x080004a8
 FILL mask 0xff
                0x20000000                _sdata = .
                0x20000000                __data_start__ = .
 *(.data_begin .data_begin.*)
 *(.data .data.*)
 .data.argv.4310
                0x20000000        0x8 ./system/src/newlib/_syscalls.o
 .data.AHBPrescTable
                0x20000008       0x10 ./system/src/cmsis/system_stm32f10x.o
                0x20000008                AHBPrescTable
 .data.SystemCoreClock
                0x20000018        0x4 ./system/src/cmsis/system_stm32f10x.o
                0x20000018                SystemCoreClock
 *(.data_end .data_end.*)
                0x2000001c                . = ALIGN (0x4)
                0x2000001c                _edata = .
                0x2000001c                __data_end__ = .

.igot.plt       0x2000001c        0x0 load address 0x080004c4
 .igot.plt      0x2000001c        0x0 ./system/src/newlib/_exit.o

.bss_CCMRAM     0x00000000        0x0
 *(.bss.CCMRAM .bss.CCMRAM.*)

.bss            0x2000001c       0x4c
                0x2000001c                __bss_start__ = .
                0x2000001c                _sbss = .
 *(.bss_begin .bss_begin.*)
 *(.bss .bss.*)
 .bss.name.4309
                0x2000001c        0x1 ./system/src/newlib/_syscalls.o
 *fill*         0x2000001d        0x3 
 .bss.GS_STK_Callback
                0x20000020        0x4 ./src/MCAL/SYSTICK/SYSTICK_pro.o
 .bss.GS_u8SingleFlag
                0x20000024        0x1 ./src/MCAL/SYSTICK/SYSTICK_pro.o
 *fill*         0x20000025        0x3 
 .bss.CallBackFun
                0x20000028       0x40 ./src/MCAL/EXTI/EXTI_pro.o
 *(COMMON)
 *(.bss_end .bss_end.*)
                0x20000068                . = ALIGN (0x4)
                0x20000068                __bss_end__ = .
                0x20000068                _ebss = .

.noinit_CCMRAM
 *(.noinit.CCMRAM .noinit.CCMRAM.*)

.noinit         0x20000068        0x0
                0x20000068                _noinit = .
 *(.noinit .noinit.*)
                0x20000068                . = ALIGN (0x4)
                0x20000068                _end_noinit = .
                [!provide]                PROVIDE (end, _end_noinit)
                [!provide]                PROVIDE (_end, _end_noinit)
                [!provide]                PROVIDE (__end, _end_noinit)
                [!provide]                PROVIDE (__end__, _end_noinit)

._check_stack   0x20000068      0x100
                0x20000168                . = (. + _Minimum_Stack_Size)
 *fill*         0x20000068      0x100 

.b1text
 *(.b1text)
 *(.b1rodata)
 *(.b1rodata.*)

.eb0text
 *(.eb0text)
 *(.eb0rodata)
 *(.eb0rodata.*)

.eb1text
 *(.eb1text)
 *(.eb1rodata)
 *(.eb1rodata.*)

.eb2text
 *(.eb2text)
 *(.eb2rodata)
 *(.eb2rodata.*)

.eb3text
 *(.eb3text)
 *(.eb3rodata)
 *(.eb3rodata.*)

.stab
 *(.stab)

.stabstr
 *(.stabstr)

.stab.excl
 *(.stab.excl)

.stab.exclstr
 *(.stab.exclstr)

.stab.index
 *(.stab.index)

.stab.indexstr
 *(.stab.indexstr)

.comment        0x00000000       0x7e
 *(.comment)
 .comment       0x00000000       0x7e ./system/src/newlib/_exit.o
                                 0x7f (size before relaxing)
 .comment       0x0000007e       0x7f ./system/src/newlib/_startup.o
 .comment       0x0000007e       0x7f ./system/src/newlib/_syscalls.o
 .comment       0x0000007e       0x7f ./system/src/cortexm/_initialize_hardware.o
 .comment       0x0000007e       0x7f ./system/src/cortexm/_reset_hardware.o
 .comment       0x0000007e       0x7f ./system/src/cortexm/exception_handlers.o
 .comment       0x0000007e       0x7f ./system/src/cmsis/system_stm32f10x.o
 .comment       0x0000007e       0x7f ./system/src/cmsis/vectors_stm32f10x.o
 .comment       0x0000007e       0x7f ./src/MCAL/SYSTICK/SYSTICK_pro.o
 .comment       0x0000007e       0x7f ./src/MCAL/RCC/RCC_pro.o
 .comment       0x0000007e       0x7f ./src/MCAL/EXTI/EXTI_pro.o
 .comment       0x0000007e       0x7f ./src/main.o

.ARM.attributes
                0x00000000       0x33
 .ARM.attributes
                0x00000000       0x33 ./system/src/newlib/_exit.o
 .ARM.attributes
                0x00000033       0x33 ./system/src/newlib/_startup.o
 .ARM.attributes
                0x00000066       0x33 ./system/src/newlib/_syscalls.o
 .ARM.attributes
                0x00000099       0x33 ./system/src/cortexm/_initialize_hardware.o
 .ARM.attributes
                0x000000cc       0x33 ./system/src/cortexm/_reset_hardware.o
 .ARM.attributes
                0x000000ff       0x33 ./system/src/cortexm/exception_handlers.o
 .ARM.attributes
                0x00000132       0x33 ./system/src/cmsis/system_stm32f10x.o
 .ARM.attributes
                0x00000165       0x33 ./system/src/cmsis/vectors_stm32f10x.o
 .ARM.attributes
                0x00000198       0x33 ./src/MCAL/SYSTICK/SYSTICK_pro.o
 .ARM.attributes
                0x000001cb       0x33 ./src/MCAL/RCC/RCC_pro.o
 .ARM.attributes
                0x000001fe       0x33 ./src/MCAL/EXTI/EXTI_pro.o
 .ARM.attributes
                0x00000231       0x33 ./src/main.o

.debug
 *(.debug)

.line
 *(.line)

.debug_srcinfo
 *(.debug_srcinfo)

.debug_sfnames
 *(.debug_sfnames)

.debug_aranges  0x00000000      0x2b8
 *(.debug_aranges)
 .debug_aranges
                0x00000000       0x28 ./system/src/newlib/_exit.o
 .debug_aranges
                0x00000028       0x40 ./system/src/newlib/_startup.o
 .debug_aranges
                0x00000068       0x30 ./system/src/newlib/_syscalls.o
 .debug_aranges
                0x00000098       0x28 ./system/src/cortexm/_initialize_hardware.o
 .debug_aranges
                0x000000c0       0x20 ./system/src/cortexm/_reset_hardware.o
 .debug_aranges
                0x000000e0       0x80 ./system/src/cortexm/exception_handlers.o
 .debug_aranges
                0x00000160       0x28 ./system/src/cmsis/system_stm32f10x.o
 .debug_aranges
                0x00000188       0x20 ./system/src/cmsis/vectors_stm32f10x.o
 .debug_aranges
                0x000001a8       0x60 ./src/MCAL/SYSTICK/SYSTICK_pro.o
 .debug_aranges
                0x00000208       0x30 ./src/MCAL/RCC/RCC_pro.o
 .debug_aranges
                0x00000238       0x60 ./src/MCAL/EXTI/EXTI_pro.o
 .debug_aranges
                0x00000298       0x20 ./src/main.o

.debug_pubnames
 *(.debug_pubnames)

.debug_info     0x00000000     0x33eb
 *(.debug_info .gnu.linkonce.wi.*)
 .debug_info    0x00000000      0x960 ./system/src/newlib/_exit.o
 .debug_info    0x00000960      0x3ca ./system/src/newlib/_startup.o
 .debug_info    0x00000d2a      0xa15 ./system/src/newlib/_syscalls.o
 .debug_info    0x0000173f      0x2b1 ./system/src/cortexm/_initialize_hardware.o
 .debug_info    0x000019f0      0x2c3 ./system/src/cortexm/_reset_hardware.o
 .debug_info    0x00001cb3      0xacb ./system/src/cortexm/exception_handlers.o
 .debug_info    0x0000277e      0x49d ./system/src/cmsis/system_stm32f10x.o
 .debug_info    0x00002c1b       0xc6 ./system/src/cmsis/vectors_stm32f10x.o
 .debug_info    0x00002ce1      0x1e3 ./src/MCAL/SYSTICK/SYSTICK_pro.o
 .debug_info    0x00002ec4      0x169 ./src/MCAL/RCC/RCC_pro.o
 .debug_info    0x0000302d      0x2f4 ./src/MCAL/EXTI/EXTI_pro.o
 .debug_info    0x00003321       0xca ./src/main.o

.debug_abbrev   0x00000000      0xf29
 *(.debug_abbrev)
 .debug_abbrev  0x00000000      0x210 ./system/src/newlib/_exit.o
 .debug_abbrev  0x00000210      0x173 ./system/src/newlib/_startup.o
 .debug_abbrev  0x00000383      0x231 ./system/src/newlib/_syscalls.o
 .debug_abbrev  0x000005b4       0xf5 ./system/src/cortexm/_initialize_hardware.o
 .debug_abbrev  0x000006a9      0x10d ./system/src/cortexm/_reset_hardware.o
 .debug_abbrev  0x000007b6      0x1fe ./system/src/cortexm/exception_handlers.o
 .debug_abbrev  0x000009b4      0x190 ./system/src/cmsis/system_stm32f10x.o
 .debug_abbrev  0x00000b44       0x9a ./system/src/cmsis/vectors_stm32f10x.o
 .debug_abbrev  0x00000bde       0xf6 ./src/MCAL/SYSTICK/SYSTICK_pro.o
 .debug_abbrev  0x00000cd4       0xb4 ./src/MCAL/RCC/RCC_pro.o
 .debug_abbrev  0x00000d88      0x126 ./src/MCAL/EXTI/EXTI_pro.o
 .debug_abbrev  0x00000eae       0x7b ./src/main.o

.debug_line     0x00000000      0xe21
 *(.debug_line)
 .debug_line    0x00000000      0x1be ./system/src/newlib/_exit.o
 .debug_line    0x000001be      0x109 ./system/src/newlib/_startup.o
 .debug_line    0x000002c7      0x1d7 ./system/src/newlib/_syscalls.o
 .debug_line    0x0000049e      0x119 ./system/src/cortexm/_initialize_hardware.o
 .debug_line    0x000005b7      0x125 ./system/src/cortexm/_reset_hardware.o
 .debug_line    0x000006dc      0x1e9 ./system/src/cortexm/exception_handlers.o
 .debug_line    0x000008c5      0x165 ./system/src/cmsis/system_stm32f10x.o
 .debug_line    0x00000a2a       0x58 ./system/src/cmsis/vectors_stm32f10x.o
 .debug_line    0x00000a82      0x131 ./src/MCAL/SYSTICK/SYSTICK_pro.o
 .debug_line    0x00000bb3       0xb0 ./src/MCAL/RCC/RCC_pro.o
 .debug_line    0x00000c63      0x13c ./src/MCAL/EXTI/EXTI_pro.o
 .debug_line    0x00000d9f       0x82 ./src/main.o

.debug_frame    0x00000000      0x46c
 *(.debug_frame)
 .debug_frame   0x00000000       0x40 ./system/src/newlib/_exit.o
 .debug_frame   0x00000040       0x80 ./system/src/newlib/_startup.o
 .debug_frame   0x000000c0       0x50 ./system/src/newlib/_syscalls.o
 .debug_frame   0x00000110       0x38 ./system/src/cortexm/_initialize_hardware.o
 .debug_frame   0x00000148       0x20 ./system/src/cortexm/_reset_hardware.o
 .debug_frame   0x00000168       0xe0 ./system/src/cortexm/exception_handlers.o
 .debug_frame   0x00000248       0x38 ./system/src/cmsis/system_stm32f10x.o
 .debug_frame   0x00000280       0x20 ./system/src/cmsis/vectors_stm32f10x.o
 .debug_frame   0x000002a0       0xa8 ./src/MCAL/SYSTICK/SYSTICK_pro.o
 .debug_frame   0x00000348       0x40 ./src/MCAL/RCC/RCC_pro.o
 .debug_frame   0x00000388       0xbc ./src/MCAL/EXTI/EXTI_pro.o
 .debug_frame   0x00000444       0x28 ./src/main.o

.debug_str      0x00000000      0xe79
 *(.debug_str)
 .debug_str     0x00000000      0x569 ./system/src/newlib/_exit.o
                                0x5da (size before relaxing)
 .debug_str     0x00000569      0x16d ./system/src/newlib/_startup.o
                                0x30c (size before relaxing)
 .debug_str     0x000006d6       0x8a ./system/src/newlib/_syscalls.o
                                0x60b (size before relaxing)
 .debug_str     0x00000760       0xea ./system/src/cortexm/_initialize_hardware.o
                                0x290 (size before relaxing)
 .debug_str     0x0000084a       0x45 ./system/src/cortexm/_reset_hardware.o
                                0x256 (size before relaxing)
 .debug_str     0x0000088f      0x11f ./system/src/cortexm/exception_handlers.o
                                0x6d3 (size before relaxing)
 .debug_str     0x000009ae       0xee ./system/src/cmsis/system_stm32f10x.o
                                0x314 (size before relaxing)
 .debug_str     0x00000a9c       0x57 ./system/src/cmsis/vectors_stm32f10x.o
                                0x1c3 (size before relaxing)
 .debug_str     0x00000af3      0x12b ./src/MCAL/SYSTICK/SYSTICK_pro.o
                                0x27c (size before relaxing)
 .debug_str     0x00000c1e       0x71 ./src/MCAL/RCC/RCC_pro.o
                                0x1eb (size before relaxing)
 .debug_str     0x00000c8f      0x1dc ./src/MCAL/EXTI/EXTI_pro.o
                                0x330 (size before relaxing)
 .debug_str     0x00000e6b        0xe ./src/main.o
                                0x181 (size before relaxing)

.debug_loc      0x00000000      0x46e
 *(.debug_loc)
 .debug_loc     0x00000000       0x21 ./system/src/newlib/_exit.o
 .debug_loc     0x00000021      0x148 ./system/src/newlib/_startup.o
 .debug_loc     0x00000169       0x63 ./system/src/newlib/_syscalls.o
 .debug_loc     0x000001cc       0xb1 ./system/src/cmsis/system_stm32f10x.o
 .debug_loc     0x0000027d       0xa6 ./src/MCAL/RCC/RCC_pro.o
 .debug_loc     0x00000323      0x14b ./src/MCAL/EXTI/EXTI_pro.o

.debug_macinfo
 *(.debug_macinfo)

.debug_weaknames
 *(.debug_weaknames)

.debug_funcnames
 *(.debug_funcnames)

.debug_typenames
 *(.debug_typenames)

.debug_varnames
 *(.debug_varnames)
OUTPUT(LED_MATRIX.elf elf32-littlearm)

.debug_ranges   0x00000000      0x258
 .debug_ranges  0x00000000       0x18 ./system/src/newlib/_exit.o
 .debug_ranges  0x00000018       0x90 ./system/src/newlib/_startup.o
 .debug_ranges  0x000000a8       0x20 ./system/src/newlib/_syscalls.o
 .debug_ranges  0x000000c8       0x18 ./system/src/cortexm/_initialize_hardware.o
 .debug_ranges  0x000000e0       0x10 ./system/src/cortexm/_reset_hardware.o
 .debug_ranges  0x000000f0       0x70 ./system/src/cortexm/exception_handlers.o
 .debug_ranges  0x00000160       0x18 ./system/src/cmsis/system_stm32f10x.o
 .debug_ranges  0x00000178       0x10 ./system/src/cmsis/vectors_stm32f10x.o
 .debug_ranges  0x00000188       0x50 ./src/MCAL/SYSTICK/SYSTICK_pro.o
 .debug_ranges  0x000001d8       0x20 ./src/MCAL/RCC/RCC_pro.o
 .debug_ranges  0x000001f8       0x50 ./src/MCAL/EXTI/EXTI_pro.o
 .debug_ranges  0x00000248       0x10 ./src/main.o
